Command: /home/babumon/.espressif/python_env/idf6.1_py3.13_env/bin/python /home/babumon/esp/esp-idf/tools/idf_monitor.py -p /dev/ttyACM0 -b 115200 --toolchain-prefix xtensa-esp32s3-elf- --target esp32s3 --revision 0 /home/babumon/swadeshlabs/esp32/model/edgemodel/build/edgemodel.elf /home/babumon/swadeshlabs/esp32/model/edgemodel/build/bootloader/bootloader.elf -m '/home/babumon/.espressif/python_env/idf6.1_py3.13_env/bin/python' '/home/babumon/esp/esp-idf/tools/idf.py'
[0;32mI (116) esp_image: segment 1: paddr=00036ecc vaddr=3fc91b00 sizeESP-ROM:esp32s3-20210327[0m
Build:Mar 27 2021
rst:0x15 (USB_UART_CHIP_RESET),boot:0x28 (SPI_FAST_FLASH_BOOT)
Saved PC:0x40379346
SPIWP:0xee
mode:DIO, clock div:1
load:0x3fce2820,len:0x14f0
load:0x403c8700,len:0xda0
load:0x403cb700,len:0x2f58
entry 0x403c8908
[0;32mI (24) boot: ESP-IDF v6.1-dev-2300-g17a74c925c 2nd stage bootloader[0m
[0;32mI (25) boot: compile time Feb  1 2026 03:31:34[0m
[0;32mI (25) boot: Multicore bootloader[0m
[0;32mI (26) boot: chip revision: v0.2[0m
[0;32mI (29) boot: efuse block revision: v1.3[0m
[0;32mI (33) boot.esp32s3: Boot SPI Speed : 80MHz[0m
[0;32mI (37) boot.esp32s3: SPI Mode       : DIO[0m
[0;32mI (40) boot.esp32s3: SPI Flash Size : 2MB[0m
[0;32mI (44) boot: Enabling RNG early entropy source...[0m
[0;32mI (49) boot: Partition Table:[0m
[0;32mI (51) boot: ## Label            Usage          Type ST Offset   Length[0m
[0;32mI (58) boot:  0 nvs              WiFi data        01 02 00009000 00006000[0m
[0;32mI (64) boot:  1 phy_init         RF data          01 01 0000f000 00001000[0m
[0;32mI (71) boot:  2 factory          factory app      00 00 00010000 00100000[0m
[0;32mI (77) boot: End of partition table[0m
[0;32mI (81) esp_image: segment 0: paddr=00010020 vaddr=3c030020 size=26ea4h (159396) map[0m
[0;32mI (116) esp_image: segment 1: paddr=00036ecc vaddr=3fc91b00 size=03550h ( 13648) load[0m
[0;32mI (120) esp_image: segment 2: paddr=0003a424 vaddr=40374000 size=05bf4h ( 23540) load[0m
[0;32mI (126) esp_image: segment 3: paddr=00040020 vaddr=42000020 size=23c08h (146440) map[0m
[0;32mI (154) esp_image: segment 4: paddr=00063c30 vaddr=40379bf4 size=07e48h ( 32328) load[0m
[0;32mI (162) esp_image: segment 5: paddr=0006ba80 vaddr=50000000 size=00024h (    36) load[0m
[0;32mI (168) boot: Loaded app from partition at offset 0x10000[0m
[0;32mI (168) boot: Disabling RNG early entropy source...[0m
[0;32mI (180) cpu_start: Multicore app[0m
[0;32mI (188) cpu_start: GPIO 44 and 43 are used as console UART I/O pins[0m
[0;32mI (189) cpu_start: Pro cpu start user code[0m
[0;32mI (189) cpu_start: cpu freq: 160000000 Hz[0m
[0;32mI (190) app_init: Application information:[0m
[0;32mI (194) app_init: Project name:     edgemodel[0m
[0;32mI (198) app_init: App version:      bf77af7-dirty[0m
[0;32mI (203) app_init: Compile time:     Feb  1 2026 03:28:33[0m
[0;32mI (208) app_init: ELF file SHA256:  df91def86...[0m
[0;32mI (212) app_init: ESP-IDF:          v6.1-dev-2300-g17a74c925c[0m
[0;32mI (217) efuse_init: Min chip rev:     v0.0[0m
[0;32mI (221) efuse_init: Max chip rev:     v0.99 [0m
[0;32mI (225) efuse_init: Chip rev:         v0.2[0m
[0;32mI (229) heap_init: Initializing. RAM available for dynamic allocation:[0m
[0;32mI (235) heap_init: At 3FC9A0F0 len 0004F620 (317 KiB): RAM[0m
[0;32mI (241) heap_init: At 3FCE9710 len 00005724 (21 KiB): RAM[0m
[0;32mI (246) heap_init: At 3FCF0000 len 00008000 (32 KiB): DRAM[0m
[0;32mI (251) heap_init: At 600FE000 len 00001FE8 (7 KiB): RTCRAM[0m
[0;32mI (257) spi_flash: detected chip: boya[0m
[0;32mI (260) spi_flash: flash io: dio[0m
[0;33mW (263) spi_flash: Detected size(16384k) larger than the size in the binary image header(2048k). Using the size in the binary image header.[0m
[0;32mI (275) sleep_gpio: Configure to isolate all GPIO pins in sleep state[0m
[0;32mI (281) sleep_gpio: Enable automatic switching of GPIO sleep configuration[0m
[0;32mI (288) main_task: Started on CPU0[0m
[0;32mI (298) main_task: Calling app_main()[0m

assert failed: remove_free_block tlsf_control_functions.h:372 (prev && "prev_free field can not be null")


Backtrace: 0x4037b5f5:0x3fc9be80 0x4037b5bd:0x3fc9bea0 0x4037a779:0x3fc9bec0 0x4037e2ca:0x3fc9bfe0 0x4037d766:0x3fc9c000 0x4037d7b6:0x3fc9c020 0x40375ea5:0x3fc9c040 0x40375f65:0x3fc9c060 0x40375df8:0x3fc9c090 0x42011125:0x3fc9c0b0 0x4200f8d6:0x3fc9c0d0 0x4200f936:0x3fc9c100 0x4200f9af:0x3fc9c140 0x4200fae9:0x3fc9c170 0x4200fd65:0x3fc9c1e0 0x42010712:0x3fc9c290 0x4201107f:0x3fc9c320 0x4200e03f:0x3fc9c350 0x4200e161:0x3fc9c400 0x4200e1a5:0x3fc9c420 0x4200e330:0x3fc9c4d0 0x420077e3:0x3fc9c910 0x420219b2:0x3fc9c940




ELF file SHA256: df91def86

Rebooting...
ESP-ROM:esp32s3-20210327
Build:Mar 27 2021
rst:0xc (RTC_SW_CPU_RST),boot:0x28 (SPI_FAST_FLASH_BOOT)
Saved PC:0x4037b745
SPIWP:0xee
mode:DIO, clock div:1
load:0x3fce2820,len:0x14f0
load:0x403c8700,len:0xda0
load:0x403cb700,len:0x2f58
entry 0x403c8908
[0;32mI (24) boot: ESP-IDF v6.1-dev-2300-g17a74c925c 2nd stage bootloader[0m
[0;32mI (24) boot: compile time Feb  1 2026 03:31:34[0m
[0;32mI (24) boot: Multicore bootloader[0m
[0;32mI (26) boot: chip revision: v0.2[0m
[0;32mI (29) boot: efuse block revision: v1.3[0m
[0;32mI (32) boot.esp32s3: Boot SPI Speed : 80MHz[0m
[0;32mI (36) boot.esp32s3: SPI Mode       : DIO[0m
[0;32mI (40) boot.esp32s3: SPI Flash Size : 2MB[0m
[0;32mI (44) boot: Enabling RNG early entropy source...[0m
[0;32mI (48) boot: Partition Table:[0m
[0;32mI (51) boot: ## Label            Usage          Type ST Offset   Length[0m
[0;32mI (57) boot:  0 nvs              WiFi data        01 02 00009000 00006000[0m
[0;32mI (64) boot:  1 phy_init         RF data          01 01 0000f000 00001000[0m
[0;32mI (70) boot:  2 factory          factory app      00 00 00010000 00100000[0m
[0;32mI (77) boot: End of partition table[0m
[0;32mI (80) esp_image: segment 0: paddr=00010020 vaddr=3c030020 size=26ea4h (159396) map[0m
[0;32mI (116) esp_image: segment 1: paddr=00036ecc vaddr=3fc91b00 size=03550h ( 13648) load[0m
[0;32mI (119) esp_image: segment 2: paddr=0003a424 vaddr=40374000 size=05bf4h ( 23540) load[0m
[0;32mI (125) esp_image: segment 3: paddr=00040020 vaddr=42000020 size=23c08h (146440) map[0m
[0;32mI (154) esp_image: segment 4: paddr=00063c30 vaddr=40379bf4 size=07e48h ( 32328) load[0m
[0;32mI (161) esp_image: segment 5: paddr=0006ba80 vaddr=50000000 size=00024h (    36) load[0m
[0;32mI (168) boot: Loaded app from partition at offset 0x10000[0m
[0;32mI (168) boot: Disabling RNG early entropy source...[0m
[0;32mI (179) cpu_start: Multicore app[0m
[0;32mI (187) cpu_start: GPIO 44 and 43 are used as console UART I/O pins[0m
[0;32mI (188) cpu_start: Pro cpu start user code[0m
[0;32mI (188) cpu_start: cpu freq: 160000000 Hz[0m
[0;32mI (190) app_init: Application information:[0m
[0;32mI (194) app_init: Project name:     edgemodel[0m
[0;32mI (198) app_init: App version:      bf77af7-dirty[0m
[0;32mI (202) app_init: Compile time:     Feb  1 2026 03:28:33[0m
[0;32mI (207) app_init: ELF file SHA256:  df91def86...[0m
[0;32mI (211) app_init: ESP-IDF:          v6.1-dev-2300-g17a74c925c[0m
[0;32mI (217) efuse_init: Min chip rev:     v0.0[0m
[0;32mI (221) efuse_init: Max chip rev:     v0.99 [0m
[0;32mI (225) efuse_init: Chip rev:         v0.2[0m
[0;32mI (229) heap_init: Initializing. RAM available for dynamic allocation:[0m
[0;32mI (235) heap_init: At 3FC9A0F0 len 0004F620 (317 KiB): RAM[0m
[0;32mI (240) heap_init: At 3FCE9710 len 00005724 (21 KiB): RAM[0m
[0;32mI (245) heap_init: At 3FCF0000 len 00008000 (32 KiB): DRAM[0m
[0;32mI (250) heap_init: At 600FE000 len 00001FE8 (7 KiB): RTCRAM[0m
[0;32mI (257) spi_flash: detected chip: boya[0m
[0;32mI (259) spi_flash: flash io: dio[0m
[0;33mW (262) spi_flash: Detected size(16384k) larger than the size in the binary image header(2048k). Using the size in the binary image header.[0m
[0;32mI (275) sleep_gpio: Configure to isolate all GPIO pins in sleep state[0m
[0;32mI (281) sleep_gpio: Enable automatic switching of GPIO sleep configuration[0m
[0;32mI (288) main_task: Started on CPU0[0m
[0;32mI (298) main_task: Calling app_main()[0m

assert failed: remove_free_block tlsf_control_functions.h:372 (prev && "prev_free field can not be null")


Backtrace: 0x4037b5f5:0x3fc9be80 0x4037b5bd:0x3fc9bea0 0x4037a779:0x3fc9bec0 0x4037e2ca:0x3fc9bfe0 0x4037d766:0x3fc9c000 0x4037d7b6:0x3fc9c020 0x40375ea5:0x3fc9c040 0x40375f65:0x3fc9c060 0x40375df8:0x3fc9c090 0x42011125:0x3fc9c0b0 0x4200f8d6:0x3fc9c0d0 0x4200f936:0x3fc9c100 0x4200f9af:0x3fc9c140 0x4200fae9:0x3fc9c170 0x4200fd65:0x3fc9c1e0 0x42010712:0x3fc9c290 0x4201107f:0x3fc9c320 0x4200e03f:0x3fc9c350 0x4200e161:0x3fc9c400 0x4200e1a5:0x3fc9c420 0x4200e330:0x3fc9c4d0 0x420077e3:0x3fc9c910 0x420219b2:0x3fc9c940




ELF file SHA256: df91def86

Rebooting...
ESP-ROM:esp32s3-20210327
Build:Mar 27 2021
rst:0xc (RTC_SW_CPU_RST),boot:0x28 (SPI_FAST_FLASH_BOOT)
Saved PC:0x4037b745
SPIWP:0xee
mode:DIO, clock div:1
load:0x3fce2820,len:0x14f0
load:0x403c8700,len:0xda0
load:0x403cb700,len:0x2f58
entry 0x403c8908
[0;32mI (24) boot: ESP-IDF v6.1-dev-2300-g17a74c925c 2nd stage bootloader[0m
[0;32mI (24) boot: compile time Feb  1 2026 03:31:34[0m
[0;32mI (24) boot: Multicore bootloader[0m
[0;32mI (26) boot: chip revision: v0.2[0m
[0;32mI (29) boot: efuse block revision: v1.3[0m
[0;32mI (32) boot.esp32s3: Boot SPI Speed : 80MHz[0m
[0;32mI (36) boot.esp32s3: SPI Mode       : DIO[0m
[0;32mI (40) boot.esp32s3: SPI Flash Size : 2MB[0m
[0;32mI (44) boot: Enabling RNG early entropy source...[0m
[0;32mI (48) boot: Partition Table:[0m
[0;32mI (51) boot: ## Label            Usage          Type ST Offset   Length[0m
[0;32mI (57) boot:  0 nvs              WiFi data        01 02 00009000 00006000[0m
[0;32mI (64) boot:  1 phy_init         RF data          01 01 0000f000 00001000[0m
[0;32mI (70) boot:  2 factory          factory app      00 00 00010000 00100000[0m
[0;32mI (77) boot: End of partition table[0m
[0;32mI (80) esp_image: segment 0: paddr=00010020 vaddr=3c030020 size=26ea4h (159396) map[0m
[0;32mI (116) esp_image: segment 1: paddr=00036ecc vaddr=3fc91b00 size=03550h ( 13648) load[0m
[0;32mI (119) esp_image: segment 2: paddr=0003a424 vaddr=40374000 size=05bf4h ( 23540) load[0m
[0;32mI (125) esp_image: segment 3: paddr=00040020 vaddr=42000020 size=23c08h (146440) map[0m
[0;32mI (154) esp_image: segment 4: paddr=00063c30 vaddr=40379bf4 size=07e48h ( 32328) load[0m
[0;32mI (161) esp_image: segment 5: paddr=0006ba80 vaddr=50000000 size=00024h (    36) load[0m
[0;32mI (168) boot: Loaded app from partition at offset 0x10000[0m
[0;32mI (168) boot: Disabling RNG early entropy source...[0m
[0;32mI (179) cpu_start: Multicore app[0m
[0;32mI (187) cpu_start: GPIO 44 and 43 are used as console UART I/O pins[0m
[0;32mI (188) cpu_start: Pro cpu start user code[0m
[0;32mI (188) cpu_start: cpu freq: 160000000 Hz[0m
[0;32mI (190) app_init: Application information:[0m
[0;32mI (194) app_init: Project name:     edgemodel[0m
[0;32mI (198) app_init: App version:      bf77af7-dirty[0m
[0;32mI (202) app_init: Compile time:     Feb  1 2026 03:28:33[0m
[0;32mI (207) app_init: ELF file SHA256:  df91def86...[0m
[0;32mI (211) app_init: ESP-IDF:          v6.1-dev-2300-g17a74c925c[0m
[0;32mI (217) efuse_init: Min chip rev:     v0.0[0m
[0;32mI (221) efuse_init: Max chip rev:     v0.99 [0m
[0;32mI (225) efuse_init: Chip rev:         v0.2[0m
[0;32mI (229) heap_init: Initializing. RAM available for dynamic allocation:[0m
[0;32mI (235) heap_init: At 3FC9A0F0 len 0004F620 (317 KiB): RAM[0m
[0;32mI (240) heap_init: At 3FCE9710 len 00005724 (21 KiB): RAM[0m
[0;32mI (245) heap_init: At 3FCF0000 len 00008000 (32 KiB): DRAM[0m
[0;32mI (250) heap_init: At 600FE000 len 00001FE8 (7 KiB): RTCRAM[0m
[0;32mI (257) spi_flash: detected chip: boya[0m
[0;32mI (259) spi_flash: flash io: dio[0m
[0;33mW (262) spi_flash: Detected size(16384k) larger than the size in the binary image header(2048k). Using the size in the binary image header.[0m
[0;32mI (275) sleep_gpio: Configure to isolate all GPIO pins in sleep state[0m
[0;32mI (281) sleep_gpio: Enable automatic switching of GPIO sleep configuration[0m
[0;32mI (288) main_task: Started on CPU0[0m
[0;32mI (298) main_task: Calling app_main()[0m

assert failed: remove_free_block tlsf_control_functions.h:372 (prev && "prev_free field can not be null")


Backtrace: 0x4037b5f5:0x3fc9be80 0x4037b5bd:0x3fc9bea0 0x4037a779:0x3fc9bec0 0x4037e2ca:0x3fc9bfe0 0x4037d766:0x3fc9c000 0x4037d7b6:0x3fc9c020 0x40375ea5:0x3fc9c040 0x40375f65:0x3fc9c060 0x40375df8:0x3fc9c090 0x42011125:0x3fc9c0b0 0x4200f8d6:0x3fc9c0d0 0x4200f936:0x3fc9c100 0x4200f9af:0x3fc9c140 0x4200fae9:0x3fc9c170 0x4200fd65:0x3fc9c1e0 0x42010712:0x3fc9c290 0x4201107f:0x3fc9c320 0x4200e03f:0x3fc9c350 0x4200e161:0x3fc9c400 0x4200e1a5:0x3fc9c420 0x4200e330:0x3fc9c4d0 0x420077e3:0x3fc9c910 0x420219b2:0x3fc9c940




ELF file SHA256: df91def86

Rebooting...
ESP-ROM:esp32s3-20210327
Build:Mar 27 2021
rst:0xc (RTC_SW_CPU_RST),boot:0x28 (SPI_FAST_FLASH_BOOT)
Saved PC:0x4037b745
SPIWP:0xee
mode:DIO, clock div:1
load:0x3fce2820,len:0x14f0
load:0x403c8700,len:0xda0
load:0x403cb700,len:0x2f58
entry 0x403c8908
[0;32mI (24) boot: ESP-IDF v6.1-dev-2300-g17a74c925c 2nd stage bootloader[0m
[0;32mI (24) boot: compile time Feb  1 2026 03:31:34[0m
[0;32mI (24) boot: Multicore bootloader[0m
[0;32mI (26) boot: chip revision: v0.2[0m
[0;32mI (29) boot: efuse block revision: v1.3[0m
[0;32mI (32) boot.esp32s3: Boot SPI Speed : 80MHz[0m
[0;32mI (36) boot.esp32s3: SPI Mode       : DIO[0m
[0;32mI (40) boot.esp32s3: SPI Flash Size : 2MB[0m
[0;32mI (44) boot: Enabling RNG early entropy source...[0m
[0;32mI (48) boot: Partition Table:[0m
[0;32mI (51) boot: ## Label            Usage          Type ST Offset   Length[0m
[0;32mI (57) boot:  0 nvs              WiFi data        01 02 00009000 00006000[0m
[0;32mI (64) boot:  1 phy_init         RF data          01 01 0000f000 00001000[0m
[0;32mI (70) boot:  2 factory          factory app      00 00 00010000 00100000[0m
[0;32mI (77) boot: End of partition table[0m
[0;32mI (80) esp_image: segment 0: paddr=00010020 vaddr=3c030020 size=26ea4h (159396) map[0m
[0;32mI (116) esp_image: segment 1: paddr=00036ecc vaddr=3fc91b00 size=03550h ( 13648) load[0m
[0;32mI (119) esp_image: segment 2: paddr=0003a424 vaddr=40374000 size=05bf4h ( 23540) load[0m
[0;32mI (125) esp_image: segment 3: paddr=00040020 vaddr=42000020 size=23c08h (146440) map[0m
[0;32mI (154) esp_image: segment 4: paddr=00063c30 vaddr=40379bf4 size=07e48h ( 32328) load[0m
[0;32mI (161) esp_image: segment 5: paddr=0006ba80 vaddr=50000000 size=00024h (    36) load[0m
[0;32mI (168) boot: Loaded app from partition at offset 0x10000[0m
[0;32mI (168) boot: Disabling RNG early entropy source...[0m
[0;32mI (179) cpu_start: Multicore app[0m
[0;32mI (187) cpu_start: GPIO 44 and 43 are used as console UART I/O pins[0m
[0;32mI (188) cpu_start: Pro cpu start user code[0m
[0;32mI (188) cpu_start: cpu freq: 160000000 Hz[0m
[0;32mI (190) app_init: Application information:[0m
[0;32mI (194) app_init: Project name:     edgemodel[0m
[0;32mI (198) app_init: App version:      bf77af7-dirty[0m
[0;32mI (202) app_init: Compile time:     Feb  1 2026 03:28:33[0m
[0;32mI (207) app_init: ELF file SHA256:  df91def86...[0m
[0;32mI (211) app_init: ESP-IDF:          v6.1-dev-2300-g17a74c925c[0m
[0;32mI (217) efuse_init: Min chip rev:     v0.0[0m
[0;32mI (221) efuse_init: Max chip rev:     v0.99 [0m
[0;32mI (225) efuse_init: Chip rev:         v0.2[0m
[0;32mI (229) heap_init: Initializing. RAM available for dynamic allocation:[0m
[0;32mI (235) heap_init: At 3FC9A0F0 len 0004F620 (317 KiB): RAM[0m
[0;32mI (240) heap_init: At 3FCE9710 len 00005724 (21 KiB): RAM[0m
[0;32mI (245) heap_init: At 3FCF0000 len 00008000 (32 KiB): DRAM[0m
[0;32mI (250) heap_init: At 600FE000 len 00001FE8 (7 KiB): RTCRAM[0m
[0;32mI (257) spi_flash: detected chip: boya[0m
[0;32mI (259) spi_flash: flash io: dio[0m
[0;33mW (262) spi_flash: Detected size(16384k) larger than the size in the binary image header(2048k). Using the size in the binary image header.[0m
[0;32mI (275) sleep_gpio: Configure to isolate all GPIO pins in sleep state[0m
[0;32mI (281) sleep_gpio: Enable automatic switching of GPIO sleep configuration[0m
[0;32mI (288) main_task: Started on CPU0[0m
[0;32mI (298) main_task: Calling app_main()[0m

assert failed: remove_free_block tlsf_control_functions.h:372 (prev && "prev_free field can not be null")


Backtrace: 0x4037b5f5:0x3fc9be80 0x4037b5bd:0x3fc9bea0 0x4037a779:0x3fc9bec0 0x4037e2ca:0x3fc9bfe0 0x4037d766:0x3fc9c000 0x4037d7b6:0x3fc9c020 0x40375ea5:0x3fc9c040 0x40375f65:0x3fc9c060 0x40375df8:0x3fc9c090 0x42011125:0x3fc9c0b0 0x4200f8d6:0x3fc9c0d0 0x4200f936:0x3fc9c100 0x4200f9af:0x3fc9c140 0x4200fae9:0x3fc9c170 0x4200fd65:0x3fc9c1e0 0x42010712:0x3fc9c290 0x4201107f:0x3fc9c320 0x4200e03f:0x3fc9c350 0x4200e161:0x3fc9c400 0x4200e1a5:0x3fc9c420 0x4200e330:0x3fc9c4d0 0x420077e3:0x3fc9c910 0x420219b2:0x3fc9c940




ELF file SHA256: df91def86

Rebooting...
ESP-ROM:esp32s3-20210327
Build:Mar 27 2021
rst:0xc (RTC_SW_CPU_RST),boot:0x28 (SPI_FAST_FLASH_BOOT)
Saved PC:0x4037b745
SPIWP:0xee
mode:DIO, clock div:1
load:0x3fce2820,len:0x14f0
load:0x403c8700,len:0xda0
load:0x403cb700,len:0x2f58
entry 0x403c8908
[0;32mI (24) boot: ESP-IDF v6.1-dev-2300-g17a74c925c 2nd stage bootloader[0m
[0;32mI (24) boot: compile time Feb  1 2026 03:31:34[0m
[0;32mI (24) boot: Multicore bootloader[0m
[0;32mI (26) boot: chip revision: v0.2[0m
[0;32mI (29) boot: efuse block revision: v1.3[0m
[0;32mI (32) boot.esp32s3: Boot SPI Speed : 80MHz[0m
[0;32mI (36) boot.esp32s3: SPI Mode       : DIO[0m
[0;32mI (40) boot.esp32s3: SPI Flash Size : 2MB[0m
[0;32mI (44) boot: Enabling RNG early entropy source...[0m
[0;32mI (48) boot: Partition Table:[0m
[0;32mI (51) boot: ## Label            Usage          Type ST Offset   Length[0m
[0;32mI (57) boot:  0 nvs              WiFi data        01 02 00009000 00006000[0m
[0;32mI (64) boot:  1 phy_init         RF data          01 01 0000f000 00001000[0m
[0;32mI (70) boot:  2 factory          factory app      00 00 00010000 00100000[0m
[0;32mI (77) boot: End of partition table[0m
[0;32mI (80) esp_image: segment 0: paddr=00010020 vaddr=3c030020 size=26ea4h (159396) map[0m
[0;32mI (116) esp_image: segment 1: paddr=00036ecc vaddr=3fc91b00 size=03550h ( 13648) load[0m
[0;32mI (119) esp_image: segment 2: paddr=0003a424 vaddr=40374000 size=05bf4h ( 23540) load[0m
[0;32mI (125) esp_image: segment 3: paddr=00040020 vaddr=42000020 size=23c08h (146440) map[0m
[0;32mI (154) esp_image: segment 4: paddr=00063c30 vaddr=40379bf4 size=07e48h ( 32328) load[0m
[0;32mI (161) esp_image: segment 5: paddr=0006ba80 vaddr=50000000 size=00024h (    36) load[0m
[0;32mI (168) boot: Loaded app from partition at offset 0x10000[0m
[0;32mI (168) boot: Disabling RNG early entropy source...[0m
[0;32mI (179) cpu_start: Multicore app[0m
[0;32mI (187) cpu_start: GPIO 44 and 43 are used as console UART I/O pins[0m
[0;32mI (188) cpu_start: Pro cpu start user code[0m
[0;32mI (188) cpu_start: cpu freq: 160000000 Hz[0m
[0;32mI (190) app_init: Application information:[0m
[0;32mI (194) app_init: Project name:     edgemodel[0m
[0;32mI (198) app_init: App version:      bf77af7-dirty[0m
[0;32mI (202) app_init: Compile time:     Feb  1 2026 03:28:33[0m
[0;32mI (207) app_init: ELF file SHA256:  df91def86...[0m
[0;32mI (211) app_init: ESP-IDF:          v6.1-dev-2300-g17a74c925c[0m
[0;32mI (217) efuse_init: Min chip rev:     v0.0[0m
[0;32mI (221) efuse_init: Max chip rev:     v0.99 [0m
[0;32mI (225) efuse_init: Chip rev:         v0.2[0m
[0;32mI (229) heap_init: Initializing. RAM available for dynamic allocation:[0m
[0;32mI (235) heap_init: At 3FC9A0F0 len 0004F620 (317 KiB): RAM[0m
[0;32mI (240) heap_init: At 3FCE9710 len 00005724 (21 KiB): RAM[0m
[0;32mI (245) heap_init: At 3FCF0000 len 00008000 (32 KiB): DRAM[0m
[0;32mI (250) heap_init: At 600FE000 len 00001FE8 (7 KiB): RTCRAM[0m
[0;32mI (257) spi_flash: detected chip: boya[0m
[0;32mI (259) spi_flash: flash io: dio[0m
[0;33mW (262) spi_flash: Detected size(16384k) larger than the size in the binary image header(2048k). Using the size in the binary image header.[0m
[0;32mI (275) sleep_gpio: Configure to isolate all GPIO pins in sleep state[0m
[0;32mI (281) sleep_gpio: Enable automatic switching of GPIO sleep configuration[0m
[0;32mI (288) main_task: Started on CPU0[0m
[0;32mI (298) main_task: Calling app_main()[0m

assert failed: remove_free_block tlsf_control_functions.h:372 (prev && "prev_free field can not be null")


Backtrace: 0x4037b5f5:0x3fc9be80 0x4037b5bd:0x3fc9bea0 0x4037a779:0x3fc9bec0 0x4037e2ca:0x3fc9bfe0 0x4037d766:0x3fc9c000 0x4037d7b6:0x3fc9c020 0x40375ea5:0x3fc9c040 0x40375f65:0x3fc9c060 0x40375df8:0x3fc9c090 0x42011125:0x3fc9c0b0 0x4200f8d6:0x3fc9c0d0 0x4200f936:0x3fc9c100 0x4200f9af:0x3fc9c140 0x4200fae9:0x3fc9c170 0x4200fd65:0x3fc9c1e0 0x42010712:0x3fc9c290 0x4201107f:0x3fc9c320 0x4200e03f:0x3fc9c350 0x4200e161:0x3fc9c400 0x4200e1a5:0x3fc9c420 0x4200e330:0x3fc9c4d0 0x420077e3:0x3fc9c910 0x420219b2:0x3fc9c940




ELF file SHA256: df91def86

Rebooting...
ESP-ROM:esp32s3-20210327
Build:Mar 27 2021
rst:0xc (RTC_SW_CPU_RST),boot:0x28 (SPI_FAST_FLASH_BOOT)
Saved PC:0x4037b745
SPIWP:0xee
mode:DIO, clock div:1
load:0x3fce2820,len:0x14f0
load:0x403c8700,len:0xda0
load:0x403cb700,len:0x2f58
entry 0x403c8908
[0;32mI (24) boot: ESP-IDF v6.1-dev-2300-g17a74c925c 2nd stage bootloader[0m
[0;32mI (24) boot: compile time Feb  1 2026 03:31:34[0m
[0;32mI (24) boot: Multicore bootloader[0m
[0;32mI (26) boot: chip revision: v0.2[0m
[0;32mI (29) boot: efuse block revision: v1.3[0m
[0;32mI (32) boot.esp32s3: Boot SPI Speed : 80MHz[0m
[0;32mI (36) boot.esp32s3: SPI Mode       : DIO[0m
[0;32mI (40) boot.esp32s3: SPI Flash Size : 2MB[0m
[0;32mI (44) boot: Enabling RNG early entropy source...[0m
[0;32mI (48) boot: Partition Table:[0m
[0;32mI (51) boot: ## Label            Usage          Type ST Offset   Length[0m
[0;32mI (57) boot:  0 nvs              WiFi data        01 02 00009000 00006000[0m
[0;32mI (64) boot:  1 phy_init         RF data          01 01 0000f000 00001000[0m
[0;32mI (70) boot:  2 factory          factory app      00 00 00010000 00100000[0m
[0;32mI (77) boot: End of partition table[0m
[0;32mI (80) esp_image: segment 0: paddr=00010020 vaddr=3c030020 size=26ea4h (159396) map[0m
[0;32mI (116) esp_image: segment 1: paddr=00036ecc vaddr=3fc91b00 size=03550h ( 13648) load[0m
[0;32mI (119) esp_image: segment 2: paddr=0003a424 vaddr=40374000 size=05bf4h ( 23540) load[0m
[0;32mI (125) esp_image: segment 3: paddr=00040020 vaddr=42000020 size=23c08h (146440) map[0m
[0;32mI (154) esp_image: segment 4: paddr=00063c30 vaddr=40379bf4 size=07e48h ( 32328) load[0m
[0;32mI (161) esp_image: segment 5: paddr=0006ba80 vaddr=50000000 size=00024h (    36) load[0m
[0;32mI (168) boot: Loaded app from partition at offset 0x10000[0m
[0;32mI (168) boot: Disabling RNG early entropy source...[0m
[0;32mI (179) cpu_start: Multicore app[0m
[0;32mI (187) cpu_start: GPIO 44 and 43 are used as console UART I/O pins[0m
[0;32mI (188) cpu_start: Pro cpu start user code[0m
[0;32mI (188) cpu_start: cpu freq: 160000000 Hz[0m
[0;32mI (190) app_init: Application information:[0m
[0;32mI (194) app_init: Project name:     edgemodel[0m
[0;32mI (198) app_init: App version:      bf77af7-dirty[0m
[0;32mI (202) app_init: Compile time:     Feb  1 2026 03:28:33[0m
[0;32mI (207) app_init: ELF file SHA256:  df91def86...[0m
[0;32mI (211) app_init: ESP-IDF:          v6.1-dev-2300-g17a74c925c[0m
[0;32mI (217) efuse_init: Min chip rev:     v0.0[0m
[0;32mI (221) efuse_init: Max chip rev:     v0.99 [0m
[0;32mI (225) efuse_init: Chip rev:         v0.2[0m
[0;32mI (229) heap_init: Initializing. RAM available for dynamic allocation:[0m
[0;32mI (235) heap_init: At 3FC9A0F0 len 0004F620 (317 KiB): RAM[0m
[0;32mI (240) heap_init: At 3FCE9710 len 00005724 (21 KiB): RAM[0m
[0;32mI (245) heap_init: At 3FCF0000 len 00008000 (32 KiB): DRAM[0m
[0;32mI (250) heap_init: At 600FE000 len 00001FE8 (7 KiB): RTCRAM[0m
[0;32mI (257) spi_flash: detected chip: boya[0m
[0;32mI (259) spi_flash: flash io: dio[0m
[0;33mW (262) spi_flash: Detected size(16384k) larger than the size in the binary image header(2048k). Using the size in the binary image header.[0m
[0;32mI (275) sleep_gpio: Configure to isolate all GPIO pins in sleep state[0m
[0;32mI (281) sleep_gpio: Enable automatic switching of GPIO sleep configuration[0m
[0;32mI (288) main_task: Started on CPU0[0m
[0;32mI (298) main_task: Calling app_main()[0m

assert failed: remove_free_block tlsf_control_functions.h:372 (prev && "prev_free field can not be null")


Backtrace: 0x4037b5f5:0x3fc9be80 0x4037b5bd:0x3fc9bea0 0x4037a779:0x3fc9bec0 0x4037e2ca:0x3fc9bfe0 0x4037d766:0x3fc9c000 0x4037d7b6:0x3fc9c020 0x40375ea5:0x3fc9c040 0x40375f65:0x3fc9c060 0x40375df8:0x3fc9c090 0x42011125:0x3fc9c0b0 0x4200f8d6:0x3fc9c0d0 0x4200f936:0x3fc9c100 0x4200f9af:0x3fc9c140 0x4200fae9:0x3fc9c170 0x4200fd65:0x3fc9c1e0 0x42010712:0x3fc9c290 0x4201107f:0x3fc9c320 0x4200e03f:0x3fc9c350 0x4200e161:0x3fc9c400 0x4200e1a5:0x3fc9c420 0x4200e330:0x3fc9c4d0 0x420077e3:0x3fc9c910 0x420219b2:0x3fc9c940




ELF file SHA256: df91def86

Rebooting...
ESP-ROM:esp32s3-20210327
Build:Mar 27 2021
rst:0xc (RTC_SW_CPU_RST),boot:0x28 (SPI_FAST_FLASH_BOOT)
Saved PC:0x4037b745
SPIWP:0xee
mode:DIO, clock div:1
load:0x3fce2820,len:0x14f0
load:0x403c8700,len:0xda0
load:0x403cb700,len:0x2f58
entry 0x403c8908
[0;32mI (24) boot: ESP-IDF v6.1-dev-2300-g17a74c925c 2nd stage bootloader[0m
[0;32mI (24) boot: compile time Feb  1 2026 03:31:34[0m
[0;32mI (24) boot: Multicore bootloader[0m
[0;32mI (26) boot: chip revision: v0.2[0m
[0;32mI (29) boot: efuse block revision: v1.3[0m
[0;32mI (32) boot.esp32s3: Boot SPI Speed : 80MHz[0m
[0;32mI (36) boot.esp32s3: SPI Mode       : DIO[0m
[0;32mI (40) boot.esp32s3: SPI Flash Size : 2MB[0m
[0;32mI (44) boot: Enabling RNG early entropy source...[0m
[0;32mI (48) boot: Partition Table:[0m
[0;32mI (51) boot: ## Label            Usage          Type ST Offset   Length[0m
[0;32mI (57) boot:  0 nvs              WiFi data        01 02 00009000 00006000[0m
[0;32mI (64) boot:  1 phy_init         RF data          01 01 0000f000 00001000[0m
[0;32mI (70) boot:  2 factory          factory app      00 00 00010000 00100000[0m
[0;32mI (77) boot: End of partition table[0m
[0;32mI (80) esp_image: segment 0: paddr=00010020 vaddr=3c030020 size=26ea4h (159396) map[0m
[0;32mI (116) esp_image: segment 1: paddr=00036ecc vaddr=3fc91b00 size=03550h ( 13648) load[0m
[0;32mI (119) esp_image: segment 2: paddr=0003a424 vaddr=40374000 size=05bf4h ( 23540) load[0m
[0;32mI (125) esp_image: segment 3: paddr=00040020 vaddr=42000020 size=23c08h (146440) map[0m
[0;32mI (154) esp_image: segment 4: paddr=00063c30 vaddr=40379bf4 size=07e48h ( 32328) load[0m
[0;32mI (161) esp_image: segment 5: paddr=0006ba80 vaddr=50000000 size=00024h (    36) load[0m
[0;32mI (168) boot: Loaded app from partition at offset 0x10000[0m
[0;32mI (168) boot: Disabling RNG early entropy source...[0m
[0;32mI (179) cpu_start: Multicore app[0m
[0;32mI (187) cpu_start: GPIO 44 and 43 are used as console UART I/O pins[0m
[0;32mI (188) cpu_start: Pro cpu start user code[0m
[0;32mI (188) cpu_start: cpu freq: 160000000 Hz[0m
[0;32mI (190) app_init: Application information:[0m
[0;32mI (194) app_init: Project name:     edgemodel[0m
[0;32mI (198) app_init: App version:      bf77af7-dirty[0m
[0;32mI (202) app_init: Compile time:     Feb  1 2026 03:28:33[0m
[0;32mI (207) app_init: ELF file SHA256:  df91def86...[0m
[0;32mI (211) app_init: ESP-IDF:          v6.1-dev-2300-g17a74c925c[0m
[0;32mI (217) efuse_init: Min chip rev:     v0.0[0m
[0;32mI (221) efuse_init: Max chip rev:     v0.99 [0m
[0;32mI (225) efuse_init: Chip rev:         v0.2[0m
[0;32mI (229) heap_init: Initializing. RAM available for dynamic allocation:[0m
[0;32mI (235) heap_init: At 3FC9A0F0 len 0004F620 (317 KiB): RAM[0m
[0;32mI (240) heap_init: At 3FCE9710 len 00005724 (21 KiB): RAM[0m
[0;32mI (245) heap_init: At 3FCF0000 len 00008000 (32 KiB): DRAM[0m
[0;32mI (250) heap_init: At 600FE000 len 00001FE8 (7 KiB): RTCRAM[0m
[0;32mI (257) spi_flash: detected chip: boya[0m
[0;32mI (259) spi_flash: flash io: dio[0m
[0;33mW (262) spi_flash: Detected size(16384k) larger than the size in the binary image header(2048k). Using the size in the binary image header.[0m
[0;32mI (275) sleep_gpio: Configure to isolate all GPIO pins in sleep state[0m
[0;32mI (281) sleep_gpio: Enable automatic switching of GPIO sleep configuration[0m
[0;32mI (288) main_task: Started on CPU0[0m
[0;32mI (298) main_task: Calling app_main()[0m

assert failed: remove_free_block tlsf_control_functions.h:372 (prev && "prev_free field can not be null")


Backtrace: 0x4037b5f5:0x3fc9be80 0x4037b5bd:0x3fc9bea0 0x4037a779:0x3fc9bec0 0x4037e2ca:0x3fc9bfe0 0x4037d766:0x3fc9c000 0x4037d7b6:0x3fc9c020 0x40375ea5:0x3fc9c040 0x40375f65:0x3fc9c060 0x40375df8:0x3fc9c090 0x42011125:0x3fc9c0b0 0x4200f8d6:0x3fc9c0d0 0x4200f936:0x3fc9c100 0x4200f9af:0x3fc9c140 0x4200fae9:0x3fc9c170 0x4200fd65:0x3fc9c1e0 0x42010712:0x3fc9c290 0x4201107f:0x3fc9c320 0x4200e03f:0x3fc9c350 0x4200e161:0x3fc9c400 0x4200e1a5:0x3fc9c420 0x4200e330:0x3fc9c4d0 0x420077e3:0x3fc9c910 0x420219b2:0x3fc9c940




ELF file SHA256: df91def86

Rebooting...
ESP-ROM:esp32s3-20210327
Build:Mar 27 2021
rst:0xc (RTC_SW_CPU_RST),boot:0x28 (SPI_FAST_FLASH_BOOT)
Saved PC:0x4037b745
SPIWP:0xee
mode:DIO, clock div:1
load:0x3fce2820,len:0x14f0
load:0x403c8700,len:0xda0
load:0x403cb700,len:0x2f58
entry 0x403c8908
[0;32mI (24) boot: ESP-IDF v6.1-dev-2300-g17a74c925c 2nd stage bootloader[0m
[0;32mI (24) boot: compile time Feb  1 2026 03:31:34[0m
[0;32mI (24) boot: Multicore bootloader[0m
[0;32mI (26) boot: chip revision: v0.2[0m
[0;32mI (29) boot: efuse block revision: v1.3[0m
[0;32mI (32) boot.esp32s3: Boot SPI Speed : 80MHz[0m
[0;32mI (36) boot.esp32s3: SPI Mode       : DIO[0m
[0;32mI (40) boot.esp32s3: SPI Flash Size : 2MB[0m
[0;32mI (44) boot: Enabling RNG early entropy source...[0m
[0;32mI (48) boot: Partition Table:[0m
[0;32mI (51) boot: ## Label            Usage          Type ST Offset   Length[0m
[0;32mI (57) boot:  0 nvs              WiFi data        01 02 00009000 00006000[0m
[0;32mI (64) boot:  1 phy_init         RF data          01 01 0000f000 00001000[0m
[0;32mI (70) boot:  2 factory          factory app      00 00 00010000 00100000[0m
[0;32mI (77) boot: End of partition table[0m
[0;32mI (80) esp_image: segment 0: paddr=00010020 vaddr=3c030020 size=26ea4h (159396) map[0m
[0;32mI (116) esp_image: segment 1: paddr=00036ecc vaddr=3fc91b00 size=03550h ( 13648) load[0m
[0;32mI (119) esp_image: segment 2: paddr=0003a424 vaddr=40374000 size=05bf4h ( 23540) load[0m
[0;32mI (125) esp_image: segment 3: paddr=00040020 vaddr=42000020 size=23c08h (146440) map[0m
[0;32mI (154) esp_image: segment 4: paddr=00063c30 vaddr=40379bf4 size=07e48h ( 32328) load[0m
[0;32mI (161) esp_image: segment 5: paddr=0006ba80 vaddr=50000000 size=00024h (    36) load[0m
[0;32mI (168) boot: Loaded app from partition at offset 0x10000[0m
[0;32mI (168) boot: Disabling RNG early entropy source...[0m
[0;32mI (179) cpu_start: Multicore app[0m
[0;32mI (187) cpu_start: GPIO 44 and 43 are used as console UART I/O pins[0m
[0;32mI (188) cpu_start: Pro cpu start user code[0m
[0;32mI (188) cpu_start: cpu freq: 160000000 Hz[0m
[0;32mI (190) app_init: Application information:[0m
[0;32mI (194) app_init: Project name:     edgemodel[0m
[0;32mI (198) app_init: App version:      bf77af7-dirty[0m
[0;32mI (202) app_init: Compile time:     Feb  1 2026 03:28:33[0m
[0;32mI (207) app_init: ELF file SHA256:  df91def86...[0m
[0;32mI (211) app_init: ESP-IDF:          v6.1-dev-2300-g17a74c925c[0m
[0;32mI (217) efuse_init: Min chip rev:     v0.0[0m
[0;32mI (221) efuse_init: Max chip rev:     v0.99 [0m
[0;32mI (225) efuse_init: Chip rev:         v0.2[0m
[0;32mI (229) heap_init: Initializing. RAM available for dynamic allocation:[0m
[0;32mI (235) heap_init: At 3FC9A0F0 len 0004F620 (317 KiB): RAM[0m
[0;32mI (240) heap_init: At 3FCE9710 len 00005724 (21 KiB): RAM[0m
[0;32mI (245) heap_init: At 3FCF0000 len 00008000 (32 KiB): DRAM[0m
[0;32mI (250) heap_init: At 600FE000 len 00001FE8 (7 KiB): RTCRAM[0m
[0;32mI (257) spi_flash: detected chip: boya[0m
[0;32mI (259) spi_flash: flash io: dio[0m
[0;33mW (262) spi_flash: Detected size(16384k) larger than the size in the binary image header(2048k). Using the size in the binary image header.[0m
[0;32mI (275) sleep_gpio: Configure to isolate all GPIO pins in sleep state[0m
[0;32mI (281) sleep_gpio: Enable automatic switching of GPIO sleep configuration[0m
[0;32mI (288) main_task: Started on CPU0[0m
[0;32mI (298) main_task: Calling app_main()[0m

assert failed: remove_free_block tlsf_control_functions.h:372 (prev && "prev_free field can not be null")


Backtrace: 0x4037b5f5:0x3fc9be80 0x4037b5bd:0x3fc9bea0 0x4037a779:0x3fc9bec0 0x4037e2ca:0x3fc9bfe0 0x4037d766:0x3fc9c000 0x4037d7b6:0x3fc9c020 0x40375ea5:0x3fc9c040 0x40375f65:0x3fc9c060 0x40375df8:0x3fc9c090 0x42011125:0x3fc9c0b0 0x4200f8d6:0x3fc9c0d0 0x4200f936:0x3fc9c100 0x4200f9af:0x3fc9c140 0x4200fae9:0x3fc9c170 0x4200fd65:0x3fc9c1e0 0x42010712:0x3fc9c290 0x4201107f:0x3fc9c320 0x4200e03f:0x3fc9c350 0x4200e161:0x3fc9c400 0x4200e1a5:0x3fc9c420 0x4200e330:0x3fc9c4d0 0x420077e3:0x3fc9c910 0x420219b2:0x3fc9c940




ELF file SHA256: df91def86

Rebooting...
ESP-ROM:esp32s3-20210327
Build:Mar 27 2021
rst:0xc (RTC_SW_CPU_RST),boot:0x28 (SPI_FAST_FLASH_BOOT)
Saved PC:0x4037b745
SPIWP:0xee
mode:DIO, clock div:1
load:0x3fce2820,len:0x14f0
load:0x403c8700,len:0xda0
load:0x403cb700,len:0x2f58
entry 0x403c8908
[0;32mI (24) boot: ESP-IDF v6.1-dev-2300-g17a74c925c 2nd stage bootloader[0m
[0;32mI (24) boot: compile time Feb  1 2026 03:31:34[0m
[0;32mI (24) boot: Multicore bootloader[0m
[0;32mI (26) boot: chip revision: v0.2[0m
[0;32mI (29) boot: efuse block revision: v1.3[0m
[0;32mI (32) boot.esp32s3: Boot SPI Speed : 80MHz[0m
[0;32mI (36) boot.esp32s3: SPI Mode       : DIO[0m
[0;32mI (40) boot.esp32s3: SPI Flash Size : 2MB[0m
[0;32mI (44) boot: Enabling RNG early entropy source...[0m
[0;32mI (48) boot: Partition Table:[0m
[0;32mI (51) boot: ## Label            Usage          Type ST Offset   Length[0m
[0;32mI (57) boot:  0 nvs              WiFi data        01 02 00009000 00006000[0m
[0;32mI (64) boot:  1 phy_init         RF data          01 01 0000f000 00001000[0m
[0;32mI (70) boot:  2 factory          factory app      00 00 00010000 00100000[0m
[0;32mI (77) boot: End of partition table[0m
[0;32mI (80) esp_image: segment 0: paddr=00010020 vaddr=3c030020 size=26ea4h (159396) map[0m
[0;32mI (116) esp_image: segment 1: paddr=00036ecc vaddr=3fc91b00 size=03550h ( 13648) load[0m
[0;32mI (119) esp_image: segment 2: paddr=0003a424 vaddr=40374000 size=05bf4h ( 23540) load[0m
[0;32mI (125) esp_image: segment 3: paddr=00040020 vaddr=42000020 size=23c08h (146440) map[0m
[0;32mI (154) esp_image: segment 4: paddr=00063c30 vaddr=40379bf4 size=07e48h ( 32328) load[0m
[0;32mI (161) esp_image: segment 5: paddr=0006ba80 vaddr=50000000 size=00024h (    36) load[0m
[0;32mI (168) boot: Loaded app from partition at offset 0x10000[0m
[0;32mI (168) boot: Disabling RNG early entropy source...[0m
[0;32mI (179) cpu_start: Multicore app[0m
[0;32mI (187) cpu_start: GPIO 44 and 43 are used as console UART I/O pins[0m
[0;32mI (188) cpu_start: Pro cpu start user code[0m
[0;32mI (188) cpu_start: cpu freq: 160000000 Hz[0m
[0;32mI (190) app_init: Application information:[0m
[0;32mI (194) app_init: Project name:     edgemodel[0m
[0;32mI (198) app_init: App version:      bf77af7-dirty[0m
[0;32mI (202) app_init: Compile time:     Feb  1 2026 03:28:33[0m
[0;32mI (207) app_init: ELF file SHA256:  df91def86...[0m
[0;32mI (211) app_init: ESP-IDF:          v6.1-dev-2300-g17a74c925c[0m
[0;32mI (217) efuse_init: Min chip rev:     v0.0[0m
[0;32mI (221) efuse_init: Max chip rev:     v0.99 [0m
[0;32mI (225) efuse_init: Chip rev:         v0.2[0m
[0;32mI (229) heap_init: Initializing. RAM available for dynamic allocation:[0m
[0;32mI (235) heap_init: At 3FC9A0F0 len 0004F620 (317 KiB): RAM[0m
[0;32mI (240) heap_init: At 3FCE9710 len 00005724 (21 KiB): RAM[0m
[0;32mI (245) heap_init: At 3FCF0000 len 00008000 (32 KiB): DRAM[0m
[0;32mI (250) heap_init: At 600FE000 len 00001FE8 (7 KiB): RTCRAM[0m
[0;32mI (257) spi_flash: detected chip: boya[0m
[0;32mI (259) spi_flash: flash io: dio[0m
[0;33mW (262) spi_flash: Detected size(16384k) larger than the size in the binary image header(2048k). Using the size in the binary image header.[0m
[0;32mI (275) sleep_gpio: Configure to isolate all GPIO pins in sleep state[0m
[0;32mI (281) sleep_gpio: Enable automatic switching of GPIO sleep configuration[0m
[0;32mI (288) main_task: Started on CPU0[0m
[0;32mI (298) main_task: Calling app_main()[0m

assert failed: remove_free_block tlsf_control_functions.h:372 (prev && "prev_free field can not be null")


Backtrace: 0x4037b5f5:0x3fc9be80 0x4037b5bd:0x3fc9bea0 0x4037a779:0x3fc9bec0 0x4037e2ca:0x3fc9bfe0 0x4037d766:0x3fc9c000 0x4037d7b6:0x3fc9c020 0x40375ea5:0x3fc9c040 0x40375f65:0x3fc9c060 0x40375df8:0x3fc9c090 0x42011125:0x3fc9c0b0 0x4200f8d6:0x3fc9c0d0 0x4200f936:0x3fc9c100 0x4200f9af:0x3fc9c140 0x4200fae9:0x3fc9c170 0x4200fd65:0x3fc9c1e0 0x42010712:0x3fc9c290 0x4201107f:0x3fc9c320 0x4200e03f:0x3fc9c350 0x4200e161:0x3fc9c400 0x4200e1a5:0x3fc9c420 0x4200e330:0x3fc9c4d0 0x420077e3:0x3fc9c910 0x420219b2:0x3fc9c940




ELF file SHA256: df91def86

Rebooting...
ESP-ROM:esp32s3-20210327
Build:Mar 27 2021
rst:0xc (RTC_SW_CPU_RST),boot:0x28 (SPI_FAST_FLASH_BOOT)
Saved PC:0x4037b745
SPIWP:0xee
mode:DIO, clock div:1
load:0x3fce2820,len:0x14f0
load:0x403c8700,len:0xda0
load:0x403cb700,len:0x2f58
entry 0x403c8908
[0;32mI (24) boot: ESP-IDF v6.1-dev-2300-g17a74c925c 2nd stage bootloader[0m
[0;32mI (24) boot: compile time Feb  1 2026 03:31:34[0m
[0;32mI (24) boot: Multicore bootloader[0m
[0;32mI (26) boot: chip revision: v0.2[0m
[0;32mI (29) boot: efuse block revision: v1.3[0m
[0;32mI (32) boot.esp32s3: Boot SPI Speed : 80MHz[0m
[0;32mI (36) boot.esp32s3: SPI Mode       : DIO[0m
[0;32mI (40) boot.esp32s3: SPI Flash Size : 2MB[0m
[0;32mI (44) boot: Enabling RNG early entropy source...[0m
[0;32mI (48) boot: Partition Table:[0m
[0;32mI (51) boot: ## Label            Usage          Type ST Offset   Length[0m
[0;32mI (57) boot:  0 nvs              WiFi data        01 02 00009000 00006000[0m
[0;32mI (64) boot:  1 phy_init         RF data          01 01 0000f000 00001000[0m
[0;32mI (70) boot:  2 factory          factory app      00 00 00010000 00100000[0m
[0;32mI (77) boot: End of partition table[0m
[0;32mI (80) esp_image: segment 0: paddr=00010020 vaddr=3c030020 size=26ea4h (159396) map[0m
[0;32mI (116) esp_image: segment 1: paddr=00036ecc vaddr=3fc91b00 size=03550h ( 13648) load[0m
[0;32mI (119) esp_image: segment 2: paddr=0003a424 vaddr=40374000 size=05bf4h ( 23540) load[0m
[0;32mI (125) esp_image: segment 3: paddr=00040020 vaddr=42000020 size=23c08h (146440) map[0m
[0;32mI (154) esp_image: segment 4: paddr=00063c30 vaddr=40379bf4 size=07e48h ( 32328) load[0m
[0;32mI (161) esp_image: segment 5: paddr=0006ba80 vaddr=50000000 size=00024h (    36) load[0m
[0;32mI (168) boot: Loaded app from partition at offset 0x10000[0m
[0;32mI (168) boot: Disabling RNG early entropy source...[0m
[0;32mI (179) cpu_start: Multicore app[0m
[0;32mI (187) cpu_start: GPIO 44 and 43 are used as console UART I/O pins[0m
[0;32mI (188) cpu_start: Pro cpu start user code[0m
[0;32mI (188) cpu_start: cpu freq: 160000000 Hz[0m
[0;32mI (190) app_init: Application information:[0m
[0;32mI (194) app_init: Project name:     edgemodel[0m
[0;32mI (198) app_init: App version:      bf77af7-dirty[0m
[0;32mI (202) app_init: Compile time:     Feb  1 2026 03:28:33[0m
[0;32mI (207) app_init: ELF file SHA256:  df91def86...[0m
[0;32mI (211) app_init: ESP-IDF:          v6.1-dev-2300-g17a74c925c[0m
[0;32mI (217) efuse_init: Min chip rev:     v0.0[0m
[0;32mI (221) efuse_init: Max chip rev:     v0.99 [0m
[0;32mI (225) efuse_init: Chip rev:         v0.2[0m
[0;32mI (229) heap_init: Initializing. RAM available for dynamic allocation:[0m
[0;32mI (235) heap_init: At 3FC9A0F0 len 0004F620 (317 KiB): RAM[0m
[0;32mI (240) heap_init: At 3FCE9710 len 00005724 (21 KiB): RAM[0m
[0;32mI (245) heap_init: At 3FCF0000 len 00008000 (32 KiB): DRAM[0m
[0;32mI (250) heap_init: At 600FE000 len 00001FE8 (7 KiB): RTCRAM[0m
[0;32mI (257) spi_flash: detected chip: boya[0m
[0;32mI (259) spi_flash: flash io: dio[0m
[0;33mW (262) spi_flash: Detected size(16384k) larger than the size in the binary image header(2048k). Using the size in the binary image header.[0m
[0;32mI (275) sleep_gpio: Configure to isolate all GPIO pins in sleep state[0m
[0;32mI (281) sleep_gpio: Enable automatic switching of GPIO sleep configuration[0m
[0;32mI (288) main_task: Started on CPU0[0m
[0;32mI (298) main_task: Calling app_main()[0m

assert failed: remove_free_block tlsf_control_functions.h:372 (prev && "prev_free field can not be null")


Backtrace: 0x4037b5f5:0x3fc9be80 0x4037b5bd:0x3fc9bea0 0x4037a779:0x3fc9bec0 0x4037e2ca:0x3fc9bfe0 0x4037d766:0x3fc9c000 0x4037d7b6:0x3fc9c020 0x40375ea5:0x3fc9c040 0x40375f65:0x3fc9c060 0x40375df8:0x3fc9c090 0x42011125:0x3fc9c0b0 0x4200f8d6:0x3fc9c0d0 0x4200f936:0x3fc9c100 0x4200f9af:0x3fc9c140 0x4200fae9:0x3fc9c170 0x4200fd65:0x3fc9c1e0 0x42010712:0x3fc9c290 0x4201107f:0x3fc9c320 0x4200e03f:0x3fc9c350 0x4200e161:0x3fc9c400 0x4200e1a5:0x3fc9c420 0x4200e330:0x3fc9c4d0 0x420077e3:0x3fc9c910 0x420219b2:0x3fc9c940




ELF file SHA256: df91def86

Rebooting...
ESP-ROM:esp32s3-20210327
Build:Mar 27 2021
rst:0xc (RTC_SW_CPU_RST),boot:0x28 (SPI_FAST_FLASH_BOOT)
Saved PC:0x4037b745
SPIWP:0xee
mode:DIO, clock div:1
load:0x3fce2820,len:0x14f0
load:0x403c8700,len:0xda0
load:0x403cb700,len:0x2f58
entry 0x403c8908
[0;32mI (24) boot: ESP-IDF v6.1-dev-2300-g17a74c925c 2nd stage bootloader[0m
[0;32mI (24) boot: compile time Feb  1 2026 03:31:34[0m
[0;32mI (24) boot: Multicore bootloader[0m
[0;32mI (26) boot: chip revision: v0.2[0m
[0;32mI (29) boot: efuse block revision: v1.3[0m
[0;32mI (32) boot.esp32s3: Boot SPI Speed : 80MHz[0m
[0;32mI (36) boot.esp32s3: SPI Mode       : DIO[0m
[0;32mI (40) boot.esp32s3: SPI Flash Size : 2MB[0m
[0;32mI (44) boot: Enabling RNG early entropy source...[0m
[0;32mI (48) boot: Partition Table:[0m
[0;32mI (51) boot: ## Label            Usage          Type ST Offset   Length[0m
[0;32mI (57) boot:  0 nvs              WiFi data        01 02 00009000 00006000[0m
[0;32mI (64) boot:  1 phy_init         RF data          01 01 0000f000 00001000[0m
[0;32mI (70) boot:  2 factory          factory app      00 00 00010000 00100000[0m
[0;32mI (77) boot: End of partition table[0m
[0;32mI (80) esp_image: segment 0: paddr=00010020 vaddr=3c030020 size=26ea4h (159396) map[0m
[0;32mI (116) esp_image: segment 1: paddr=00036ecc vaddr=3fc91b00 size=03550h ( 13648) load[0m
[0;32mI (119) esp_image: segment 2: paddr=0003a424 vaddr=40374000 size=05bf4h ( 23540) load[0m
[0;32mI (125) esp_image: segment 3: paddr=00040020 vaddr=42000020 size=23c08h (146440) map[0m
[0;32mI (154) esp_image: segment 4: paddr=00063c30 vaddr=40379bf4 size=07e48h ( 32328) load[0m
[0;32mI (161) esp_image: segment 5: paddr=0006ba80 vaddr=50000000 size=00024h (    36) load[0m
[0;32mI (168) boot: Loaded app from partition at offset 0x10000[0m
[0;32mI (168) boot: Disabling RNG early entropy source...[0m
[0;32mI (179) cpu_start: Multicore app[0m
[0;32mI (187) cpu_start: GPIO 44 and 43 are used as console UART I/O pins[0m
[0;32mI (188) cpu_start: Pro cpu start user code[0m
[0;32mI (188) cpu_start: cpu freq: 160000000 Hz[0m
[0;32mI (190) app_init: Application information:[0m
[0;32mI (194) app_init: Project name:     edgemodel[0m
[0;32mI (198) app_init: App version:      bf77af7-dirty[0m
[0;32mI (202) app_init: Compile time:     Feb  1 2026 03:28:33[0m
[0;32mI (207) app_init: ELF file SHA256:  df91def86...[0m
[0;32mI (211) app_init: ESP-IDF:          v6.1-dev-2300-g17a74c925c[0m
[0;32mI (217) efuse_init: Min chip rev:     v0.0[0m
[0;32mI (221) efuse_init: Max chip rev:     v0.99 [0m
[0;32mI (225) efuse_init: Chip rev:         v0.2[0m
[0;32mI (229) heap_init: Initializing. RAM available for dynamic allocation:[0m
[0;32mI (235) heap_init: At 3FC9A0F0 len 0004F620 (317 KiB): RAM[0m
[0;32mI (240) heap_init: At 3FCE9710 len 00005724 (21 KiB): RAM[0m
[0;32mI (245) heap_init: At 3FCF0000 len 00008000 (32 KiB): DRAM[0m
[0;32mI (250) heap_init: At 600FE000 len 00001FE8 (7 KiB): RTCRAM[0m
[0;32mI (257) spi_flash: detected chip: boya[0m
[0;32mI (259) spi_flash: flash io: dio[0m
[0;33mW (262) spi_flash: Detected size(16384k) larger than the size in the binary image header(2048k). Using the size in the binary image header.[0m
[0;32mI (275) sleep_gpio: Configure to isolate all GPIO pins in sleep state[0m
[0;32mI (281) sleep_gpio: Enable automatic switching of GPIO sleep configuration[0m
[0;32mI (288) main_task: Started on CPU0[0m
[0;32mI (298) main_task: Calling app_main()[0m

assert failed: remove_free_block tlsf_control_functions.h:372 (prev && "prev_free field can not be null")


Backtrace: 0x4037b5f5:0x3fc9be80 0x4037b5bd:0x3fc9bea0 0x4037a779:0x3fc9bec0 0x4037e2ca:0x3fc9bfe0 0x4037d766:0x3fc9c000 0x4037d7b6:0x3fc9c020 0x40375ea5:0x3fc9c040 0x40375f65:0x3fc9c060 0x40375df8:0x3fc9c090 0x42011125:0x3fc9c0b0 0x4200f8d6:0x3fc9c0d0 0x4200f936:0x3fc9c100 0x4200f9af:0x3fc9c140 0x4200fae9:0x3fc9c170 0x4200fd65:0x3fc9c1e0 0x42010712:0x3fc9c290 0x4201107f:0x3fc9c320 0x4200e03f:0x3fc9c350 0x4200e161:0x3fc9c400 0x4200e1a5:0x3fc9c420 0x4200e330:0x3fc9c4d0 0x420077e3:0x3fc9c910 0x420219b2:0x3fc9c940




ELF file SHA256: df91def86

Rebooting...
ESP-ROM:esp32s3-20210327
Build:Mar 27 2021
rst:0xc (RTC_SW_CPU_RST),boot:0x28 (SPI_FAST_FLASH_BOOT)
Saved PC:0x4037b745
SPIWP:0xee
mode:DIO, clock div:1
load:0x3fce2820,len:0x14f0
load:0x403c8700,len:0xda0
load:0x403cb700,len:0x2f58
entry 0x403c8908
[0;32mI (24) boot: ESP-IDF v6.1-dev-2300-g17a74c925c 2nd stage bootloader[0m
[0;32mI (24) boot: compile time Feb  1 2026 03:31:34[0m
[0;32mI (24) boot: Multicore bootloader[0m
[0;32mI (26) boot: chip revision: v0.2[0m
[0;32mI (29) boot: efuse block revision: v1.3[0m
[0;32mI (32) boot.esp32s3: Boot SPI Speed : 80MHz[0m
[0;32mI (36) boot.esp32s3: SPI Mode       : DIO[0m
[0;32mI (40) boot.esp32s3: SPI Flash Size : 2MB[0m
[0;32mI (44) boot: Enabling RNG early entropy source...[0m
[0;32mI (48) boot: Partition Table:[0m
[0;32mI (51) boot: ## Label            Usage          Type ST Offset   Length[0m
[0;32mI (57) boot:  0 nvs              WiFi data        01 02 00009000 00006000[0m
[0;32mI (64) boot:  1 phy_init         RF data          01 01 0000f000 00001000[0m
[0;32mI (70) boot:  2 factory          factory app      00 00 00010000 00100000[0m
[0;32mI (77) boot: End of partition table[0m
[0;32mI (80) esp_image: segment 0: paddr=00010020 vaddr=3c030020 size=26ea4h (159396) map[0m
[0;32mI (116) esp_image: segment 1: paddr=00036ecc vaddr=3fc91b00 size=03550h ( 13648) load[0m
[0;32mI (119) esp_image: segment 2: paddr=0003a424 vaddr=40374000 size=05bf4h ( 23540) load[0m
[0;32mI (125) esp_image: segment 3: paddr=00040020 vaddr=42000020 size=23c08h (146440) map[0m
[0;32mI (154) esp_image: segment 4: paddr=00063c30 vaddr=40379bf4 size=07e48h ( 32328) load[0m
[0;32mI (161) esp_image: segment 5: paddr=0006ba80 vaddr=50000000 size=00024h (    36) load[0m
[0;32mI (168) boot: Loaded app from partition at offset 0x10000[0m
[0;32mI (168) boot: Disabling RNG early entropy source...[0m
[0;32mI (179) cpu_start: Multicore app[0m
[0;32mI (187) cpu_start: GPIO 44 and 43 are used as console UART I/O pins[0m
[0;32mI (188) cpu_start: Pro cpu start user code[0m
[0;32mI (188) cpu_start: cpu freq: 160000000 Hz[0m
[0;32mI (190) app_init: Application information:[0m
[0;32mI (194) app_init: Project name:     edgemodel[0m
[0;32mI (198) app_init: App version:      bf77af7-dirty[0m
[0;32mI (202) app_init: Compile time:     Feb  1 2026 03:28:33[0m
[0;32mI (207) app_init: ELF file SHA256:  df91def86...[0m
[0;32mI (211) app_init: ESP-IDF:          v6.1-dev-2300-g17a74c925c[0m
[0;32mI (217) efuse_init: Min chip rev:     v0.0[0m
[0;32mI (221) efuse_init: Max chip rev:     v0.99 [0m
[0;32mI (225) efuse_init: Chip rev:         v0.2[0m
[0;32mI (229) heap_init: Initializing. RAM available for dynamic allocation:[0m
[0;32mI (235) heap_init: At 3FC9A0F0 len 0004F620 (317 KiB): RAM[0m
[0;32mI (240) heap_init: At 3FCE9710 len 00005724 (21 KiB): RAM[0m
[0;32mI (245) heap_init: At 3FCF0000 len 00008000 (32 KiB): DRAM[0m
[0;32mI (250) heap_init: At 600FE000 len 00001FE8 (7 KiB): RTCRAM[0m
[0;32mI (257) spi_flash: detected chip: boya[0m
[0;32mI (259) spi_flash: flash io: dio[0m
[0;33mW (262) spi_flash: Detected size(16384k) larger than the size in the binary image header(2048k). Using the size in the binary image header.[0m
[0;32mI (275) sleep_gpio: Configure to isolate all GPIO pins in sleep state[0m
[0;32mI (281) sleep_gpio: Enable automatic switching of GPIO sleep configuration[0m
[0;32mI (288) main_task: Started on CPU0[0m
[0;32mI (298) main_task: Calling app_main()[0m

assert failed: remove_free_block tlsf_control_functions.h:372 (prev && "prev_free field can not be null")


Backtrace: 0x4037b5f5:0x3fc9be80 0x4037b5bd:0x3fc9bea0 0x4037a779:0x3fc9bec0 0x4037e2ca:0x3fc9bfe0 0x4037d766:0x3fc9c000 0x4037d7b6:0x3fc9c020 0x40375ea5:0x3fc9c040 0x40375f65:0x3fc9c060 0x40375df8:0x3fc9c090 0x42011125:0x3fc9c0b0 0x4200f8d6:0x3fc9c0d0 0x4200f936:0x3fc9c100 0x4200f9af:0x3fc9c140 0x4200fae9:0x3fc9c170 0x4200fd65:0x3fc9c1e0 0x42010712:0x3fc9c290 0x4201107f:0x3fc9c320 0x4200e03f:0x3fc9c350 0x4200e161:0x3fc9c400 0x4200e1a5:0x3fc9c420 0x4200e330:0x3fc9c4d0 0x420077e3:0x3fc9c910 0x420219b2:0x3fc9c940




ELF file SHA256: df91def86

Rebooting...
ESP-ROM:esp32s3-20210327
Build:Mar 27 2021
rst:0xc (RTC_SW_CPU_RST),boot:0x28 (SPI_FAST_FLASH_BOOT)
Saved PC:0x4037b745
SPIWP:0xee
mode:DIO, clock div:1
load:0x3fce2820,len:0x14f0
load:0x403c8700,len:0xda0
load:0x403cb700,len:0x2f58
entry 0x403c8908
[0;32mI (24) boot: ESP-IDF v6.1-dev-2300-g17a74c925c 2nd stage bootloader[0m
[0;32mI (24) boot: compile time Feb  1 2026 03:31:34[0m
[0;32mI (24) boot: Multicore bootloader[0m
[0;32mI (26) boot: chip revision: v0.2[0m
[0;32mI (29) boot: efuse block revision: v1.3[0m
[0;32mI (32) boot.esp32s3: Boot SPI Speed : 80MHz[0m
[0;32mI (36) boot.esp32s3: SPI Mode       : DIO[0m
[0;32mI (40) boot.esp32s3: SPI Flash Size : 2MB[0m
[0;32mI (44) boot: Enabling RNG early entropy source...[0m
[0;32mI (48) boot: Partition Table:[0m
[0;32mI (51) boot: ## Label            Usage          Type ST Offset   Length[0m
[0;32mI (57) boot:  0 nvs              WiFi data        01 02 00009000 00006000[0m
[0;32mI (64) boot:  1 phy_init         RF data          01 01 0000f000 00001000[0m
[0;32mI (70) boot:  2 factory          factory app      00 00 00010000 00100000[0m
[0;32mI (77) boot: End of partition table[0m
[0;32mI (80) esp_image: segment 0: paddr=00010020 vaddr=3c030020 size=26ea4h (159396) map[0m
[0;32mI (116) esp_image: segment 1: paddr=00036ecc vaddr=3fc91b00 size=03550h ( 13648) load[0m
[0;32mI (119) esp_image: segment 2: paddr=0003a424 vaddr=40374000 size=05bf4h ( 23540) load[0m
[0;32mI (125) esp_image: segment 3: paddr=00040020 vaddr=42000020 size=23c08h (146440) map[0m
[0;32mI (154) esp_image: segment 4: paddr=00063c30 vaddr=40379bf4 size=07e48h ( 32328) load[0m
[0;32mI (161) esp_image: segment 5: paddr=0006ba80 vaddr=50000000 size=00024h (    36) load[0m
[0;32mI (168) boot: Loaded app from partition at offset 0x10000[0m
[0;32mI (168) boot: Disabling RNG early entropy source...[0m
[0;32mI (179) cpu_start: Multicore app[0m
[0;32mI (187) cpu_start: GPIO 44 and 43 are used as console UART I/O pins[0m
[0;32mI (188) cpu_start: Pro cpu start user code[0m
[0;32mI (188) cpu_start: cpu freq: 160000000 Hz[0m
[0;32mI (190) app_init: Application information:[0m
[0;32mI (194) app_init: Project name:     edgemodel[0m
[0;32mI (198) app_init: App version:      bf77af7-dirty[0m
[0;32mI (202) app_init: Compile time:     Feb  1 2026 03:28:33[0m
[0;32mI (207) app_init: ELF file SHA256:  df91def86...[0m
[0;32mI (211) app_init: ESP-IDF:          v6.1-dev-2300-g17a74c925c[0m
[0;32mI (217) efuse_init: Min chip rev:     v0.0[0m
[0;32mI (221) efuse_init: Max chip rev:     v0.99 [0m
[0;32mI (225) efuse_init: Chip rev:         v0.2[0m
[0;32mI (229) heap_init: Initializing. RAM available for dynamic allocation:[0m
[0;32mI (235) heap_init: At 3FC9A0F0 len 0004F620 (317 KiB): RAM[0m
[0;32mI (240) heap_init: At 3FCE9710 len 00005724 (21 KiB): RAM[0m
[0;32mI (245) heap_init: At 3FCF0000 len 00008000 (32 KiB): DRAM[0m
[0;32mI (250) heap_init: At 600FE000 len 00001FE8 (7 KiB): RTCRAM[0m
[0;32mI (257) spi_flash: detected chip: boya[0m
[0;32mI (259) spi_flash: flash io: dio[0m
[0;33mW (262) spi_flash: Detected size(16384k) larger than the size in the binary image header(2048k). Using the size in the binary image header.[0m
[0;32mI (275) sleep_gpio: Configure to isolate all GPIO pins in sleep state[0m
[0;32mI (281) sleep_gpio: Enable automatic switching of GPIO sleep configuration[0m
[0;32mI (288) main_task: Started on CPU0[0m
[0;32mI (298) main_task: Calling app_main()[0m

assert failed: remove_free_block tlsf_control_functions.h:372 (prev && "prev_free field can not be null")


Backtrace: 0x4037b5f5:0x3fc9be80 0x4037b5bd:0x3fc9bea0 0x4037a779:0x3fc9bec0 0x4037e2ca:0x3fc9bfe0 0x4037d766:0x3fc9c000 0x4037d7b6:0x3fc9c020 0x40375ea5:0x3fc9c040 0x40375f65:0x3fc9c060 0x40375df8:0x3fc9c090 0x42011125:0x3fc9c0b0 0x4200f8d6:0x3fc9c0d0 0x4200f936:0x3fc9c100 0x4200f9af:0x3fc9c140 0x4200fae9:0x3fc9c170 0x4200fd65:0x3fc9c1e0 0x42010712:0x3fc9c290 0x4201107f:0x3fc9c320 0x4200e03f:0x3fc9c350 0x4200e161:0x3fc9c400 0x4200e1a5:0x3fc9c420 0x4200e330:0x3fc9c4d0 0x420077e3:0x3fc9c910 0x420219b2:0x3fc9c940




ELF file SHA256: df91def86

Rebooting...
ESP-ROM:esp32s3-20210327
Build:Mar 27 2021
rst:0xc (RTC_SW_CPU_RST),boot:0x28 (SPI_FAST_FLASH_BOOT)
Saved PC:0x4037b745
SPIWP:0xee
mode:DIO, clock div:1
load:0x3fce2820,len:0x14f0
load:0x403c8700,len:0xda0
load:0x403cb700,len:0x2f58
entry 0x403c8908
[0;32mI (24) boot: ESP-IDF v6.1-dev-2300-g17a74c925c 2nd stage bootloader[0m
[0;32mI (24) boot: compile time Feb  1 2026 03:31:34[0m
[0;32mI (24) boot: Multicore bootloader[0m
[0;32mI (26) boot: chip revision: v0.2[0m
[0;32mI (29) boot: efuse block revision: v1.3[0m
[0;32mI (32) boot.esp32s3: Boot SPI Speed : 80MHz[0m
[0;32mI (36) boot.esp32s3: SPI Mode       : DIO[0m
[0;32mI (40) boot.esp32s3: SPI Flash Size : 2MB[0m
[0;32mI (44) boot: Enabling RNG early entropy source...[0m
[0;32mI (48) boot: Partition Table:[0m
[0;32mI (51) boot: ## Label            Usage          Type ST Offset   Length[0m
[0;32mI (57) boot:  0 nvs              WiFi data        01 02 00009000 00006000[0m
[0;32mI (64) boot:  1 phy_init         RF data          01 01 0000f000 00001000[0m
[0;32mI (70) boot:  2 factory          factory app      00 00 00010000 00100000[0m
[0;32mI (77) boot: End of partition table[0m
[0;32mI (80) esp_image: segment 0: paddr=00010020 vaddr=3c030020 size=26ea4h (159396) map[0m
[0;32mI (116) esp_image: segment 1: paddr=00036ecc vaddr=3fc91b00 size=03550h ( 13648) load[0m
[0;32mI (119) esp_image: segment 2: paddr=0003a424 vaddr=40374000 size=05bf4h ( 23540) load[0m
[0;32mI (125) esp_image: segment 3: paddr=00040020 vaddr=42000020 size=23c08h (146440) map[0m
[0;32mI (154) esp_image: segment 4: paddr=00063c30 vaddr=40379bf4 size=07e48h ( 32328) load[0m
[0;32mI (161) esp_image: segment 5: paddr=0006ba80 vaddr=50000000 size=00024h (    36) load[0m
[0;32mI (168) boot: Loaded app from partition at offset 0x10000[0m
[0;32mI (168) boot: Disabling RNG early entropy source...[0m
[0;32mI (179) cpu_start: Multicore app[0m
[0;32mI (188) cpu_start: GPIO 44 and 43 are used as console UART I/O pins[0m
[0;32mI (188) cpu_start: Pro cpu start user code[0m
[0;32mI (188) cpu_start: cpu freq: 160000000 Hz[0m
[0;32mI (190) app_init: Application information:[0m
[0;32mI (194) app_init: Project name:     edgemodel[0m
[0;32mI (198) app_init: App version:      bf77af7-dirty[0m
[0;32mI (202) app_init: Compile time:     Feb  1 2026 03:28:33[0m
[0;32mI (207) app_init: ELF file SHA256:  df91def86...[0m
[0;32mI (212) app_init: ESP-IDF:          v6.1-dev-2300-g17a74c925c[0m
[0;32mI (217) efuse_init: Min chip rev:     v0.0[0m
[0;32mI (221) efuse_init: Max chip rev:     v0.99 [0m
[0;32mI (225) efuse_init: Chip rev:         v0.2[0m
[0;32mI (229) heap_init: Initializing. RAM available for dynamic allocation:[0m
[0;32mI (235) heap_init: At 3FC9A0F0 len 0004F620 (317 KiB): RAM[0m
[0;32mI (240) heap_init: At 3FCE9710 len 00005724 (21 KiB): RAM[0m
[0;32mI (245) heap_init: At 3FCF0000 len 00008000 (32 KiB): DRAM[0m
[0;32mI (250) heap_init: At 600FE000 len 00001FE8 (7 KiB): RTCRAM[0m
[0;32mI (257) spi_flash: detected chip: boya[0m
[0;32mI (259) spi_flash: flash io: dio[0m
[0;33mW (262) spi_flash: Detected size(16384k) larger than the size in the binary image header(2048k). Using the size in the binary image header.[0m
[0;32mI (275) sleep_gpio: Configure to isolate all GPIO pins in sleep state[0m
[0;32mI (281) sleep_gpio: Enable automatic switching of GPIO sleep configuration[0m
[0;32mI (288) main_task: Started on CPU0[0m
[0;32mI (298) main_task: Calling app_main()[0m

assert failed: remove_free_block tlsf_control_functions.h:372 (prev && "prev_free field can not be null")


Backtrace: 0x4037b5f5:0x3fc9be80 0x4037b5bd:0x3fc9bea0 0x4037a779:0x3fc9bec0 0x4037e2ca:0x3fc9bfe0 0x4037d766:0x3fc9c000 0x4037d7b6:0x3fc9c020 0x40375ea5:0x3fc9c040 0x40375f65:0x3fc9c060 0x40375df8:0x3fc9c090 0x42011125:0x3fc9c0b0 0x4200f8d6:0x3fc9c0d0 0x4200f936:0x3fc9c100 0x4200f9af:0x3fc9c140 0x4200fae9:0x3fc9c170 0x4200fd65:0x3fc9c1e0 0x42010712:0x3fc9c290 0x4201107f:0x3fc9c320 0x4200e03f:0x3fc9c350 0x4200e161:0x3fc9c400 0x4200e1a5:0x3fc9c420 0x4200e330:0x3fc9c4d0 0x420077e3:0x3fc9c910 0x420219b2:0x3fc9c940




ELF file SHA256: df91def86

Rebooting...
ESP-ROM:esp32s3-20210327
Build:Mar 27 2021
rst:0xc (RTC_SW_CPU_RST),boot:0x28 (SPI_FAST_FLASH_BOOT)
Saved PC:0x4037b745
SPIWP:0xee
mode:DIO, clock div:1
load:0x3fce2820,len:0x14f0
load:0x403c8700,len:0xda0
load:0x403cb700,len:0x2f58
entry 0x403c8908
[0;32mI (24) boot: ESP-IDF v6.1-dev-2300-g17a74c925c 2nd stage bootloader[0m
[0;32mI (24) boot: compile time Feb  1 2026 03:31:34[0m
[0;32mI (24) boot: Multicore bootloader[0m
[0;32mI (26) boot: chip revision: v0.2[0m
[0;32mI (29) boot: efuse block revision: v1.3[0m
[0;32mI (32) boot.esp32s3: Boot SPI Speed : 80MHz[0m
[0;32mI (36) boot.esp32s3: SPI Mode       : DIO[0m
[0;32mI (40) boot.esp32s3: SPI Flash Size : 2MB[0m
[0;32mI (44) boot: Enabling RNG early entropy source...[0m
[0;32mI (48) boot: Partition Table:[0m
[0;32mI (51) boot: ## Label            Usage          Type ST Offset   Length[0m
[0;32mI (57) boot:  0 nvs              WiFi data        01 02 00009000 00006000[0m
[0;32mI (64) boot:  1 phy_init         RF data          01 01 0000f000 00001000[0m
[0;32mI (70) boot:  2 factory          factory app      00 00 00010000 00100000[0m
[0;32mI (77) boot: End of partition table[0m
[0;32mI (80) esp_image: segment 0: paddr=00010020 vaddr=3c030020 size=26ea4h (159396) map[0m
[0;32mI (116) esp_image: segment 1: paddr=00036ecc vaddr=3fc91b00 size=03550h ( 13648) load[0m
[0;32mI (119) esp_image: segment 2: paddr=0003a424 vaddr=40374000 size=05bf4h ( 23540) load[0m
[0;32mI (125) esp_image: segment 3: paddr=00040020 vaddr=42000020 size=23c08h (146440) map[0m
[0;32mI (154) esp_image: segment 4: paddr=00063c30 vaddr=40379bf4 size=07e48h ( 32328) load[0m
[0;32mI (161) esp_image: segment 5: paddr=0006ba80 vaddr=50000000 size=00024h (    36) load[0m
[0;32mI (168) boot: Loaded app from partition at offset 0x10000[0m
[0;32mI (168) boot: Disabling RNG early entropy source...[0m
[0;32mI (179) cpu_start: Multicore app[0m
[0;32mI (187) cpu_start: GPIO 44 and 43 are used as console UART I/O pins[0m
[0;32mI (188) cpu_start: Pro cpu start user code[0m
[0;32mI (188) cpu_start: cpu freq: 160000000 Hz[0m
[0;32mI (190) app_init: Application information:[0m
[0;32mI (194) app_init: Project name:     edgemodel[0m
[0;32mI (198) app_init: App version:      bf77af7-dirty[0m
[0;32mI (202) app_init: Compile time:     Feb  1 2026 03:28:33[0m
[0;32mI (207) app_init: ELF file SHA256:  df91def86...[0m
[0;32mI (211) app_init: ESP-IDF:          v6.1-dev-2300-g17a74c925c[0m
[0;32mI (217) efuse_init: Min chip rev:     v0.0[0m
[0;32mI (221) efuse_init: Max chip rev:     v0.99 [0m
[0;32mI (225) efuse_init: Chip rev:         v0.2[0m
[0;32mI (229) heap_init: Initializing. RAM available for dynamic allocation:[0m
[0;32mI (235) heap_init: At 3FC9A0F0 len 0004F620 (317 KiB): RAM[0m
[0;32mI (240) heap_init: At 3FCE9710 len 00005724 (21 KiB): RAM[0m
[0;32mI (245) heap_init: At 3FCF0000 len 00008000 (32 KiB): DRAM[0m
[0;32mI (250) heap_init: At 600FE000 len 00001FE8 (7 KiB): RTCRAM[0m
[0;32mI (257) spi_flash: detected chip: boya[0m
[0;32mI (259) spi_flash: flash io: dio[0m
[0;33mW (262) spi_flash: Detected size(16384k) larger than the size in the binary image header(2048k). Using the size in the binary image header.[0m
[0;32mI (275) sleep_gpio: Configure to isolate all GPIO pins in sleep state[0m
[0;32mI (281) sleep_gpio: Enable automatic switching of GPIO sleep configuration[0m
[0;32mI (288) main_task: Started on CPU0[0m
[0;32mI (298) main_task: Calling app_main()[0m

assert failed: remove_free_block tlsf_control_functions.h:372 (prev && "prev_free field can not be null")


Backtrace: 0x4037b5f5:0x3fc9be80 0x4037b5bd:0x3fc9bea0 0x4037a779:0x3fc9bec0 0x4037e2ca:0x3fc9bfe0 0x4037d766:0x3fc9c000 0x4037d7b6:0x3fc9c020 0x40375ea5:0x3fc9c040 0x40375f65:0x3fc9c060 0x40375df8:0x3fc9c090 0x42011125:0x3fc9c0b0 0x4200f8d6:0x3fc9c0d0 0x4200f936:0x3fc9c100 0x4200f9af:0x3fc9c140 0x4200fae9:0x3fc9c170 0x4200fd65:0x3fc9c1e0 0x42010712:0x3fc9c290 0x4201107f:0x3fc9c320 0x4200e03f:0x3fc9c350 0x4200e161:0x3fc9c400 0x4200e1a5:0x3fc9c420 0x4200e330:0x3fc9c4d0 0x420077e3:0x3fc9c910 0x420219b2:0x3fc9c940




ELF file SHA256: df91def86

Rebooting...
ESP-ROM:esp32s3-20210327
Build:Mar 27 2021
rst:0xc (RTC_SW_CPU_RST),boot:0x28 (SPI_FAST_FLASH_BOOT)
Saved PC:0x4037b745
SPIWP:0xee
mode:DIO, clock div:1
load:0x3fce2820,len:0x14f0
load:0x403c8700,len:0xda0
load:0x403cb700,len:0x2f58
entry 0x403c8908
[0;32mI (24) boot: ESP-IDF v6.1-dev-2300-g17a74c925c 2nd stage bootloader[0m
[0;32mI (24) boot: compile time Feb  1 2026 03:31:34[0m
[0;32mI (24) boot: Multicore bootloader[0m
[0;32mI (26) boot: chip revision: v0.2[0m
[0;32mI (29) boot: efuse block revision: v1.3[0m
[0;32mI (32) boot.esp32s3: Boot SPI Speed : 80MHz[0m
[0;32mI (36) boot.esp32s3: SPI Mode       : DIO[0m
[0;32mI (40) boot.esp32s3: SPI Flash Size : 2MB[0m
[0;32mI (44) boot: Enabling RNG early entropy source...[0m
[0;32mI (48) boot: Partition Table:[0m
[0;32mI (51) boot: ## Label            Usage          Type ST Offset   Length[0m
[0;32mI (57) boot:  0 nvs              WiFi data        01 02 00009000 00006000[0m
[0;32mI (64) boot:  1 phy_init         RF data          01 01 0000f000 00001000[0m
[0;32mI (70) boot:  2 factory          factory app      00 00 00010000 00100000[0m
[0;32mI (77) boot: End of partition table[0m
[0;32mI (80) esp_image: segment 0: paddr=00010020 vaddr=3c030020 size=26ea4h (159396) map[0m
[0;32mI (116) esp_image: segment 1: paddr=00036ecc vaddr=3fc91b00 size=03550h ( 13648) load[0m
[0;32mI (119) esp_image: segment 2: paddr=0003a424 vaddr=40374000 size=05bf4h ( 23540) load[0m
[0;32mI (125) esp_image: segment 3: paddr=00040020 vaddr=42000020 size=23c08h (146440) map[0m
[0;32mI (154) esp_image: segment 4: paddr=00063c30 vaddr=40379bf4 size=07e48h ( 32328) load[0m
[0;32mI (161) esp_image: segment 5: paddr=0006ba80 vaddr=50000000 size=00024h (    36) load[0m
[0;32mI (168) boot: Loaded app from partition at offset 0x10000[0m
[0;32mI (168) boot: Disabling RNG early entropy source...[0m
[0;32mI (179) cpu_start: Multicore app[0m
[0;32mI (187) cpu_start: GPIO 44 and 43 are used as console UART I/O pins[0m
[0;32mI (188) cpu_start: Pro cpu start user code[0m
[0;32mI (188) cpu_start: cpu freq: 160000000 Hz[0m
[0;32mI (190) app_init: Application information:[0m
[0;32mI (194) app_init: Project name:     edgemodel[0m
[0;32mI (198) app_init: App version:      bf77af7-dirty[0m
[0;32mI (202) app_init: Compile time:     Feb  1 2026 03:28:33[0m
[0;32mI (207) app_init: ELF file SHA256:  df91def86...[0m
[0;32mI (211) app_init: ESP-IDF:          v6.1-dev-2300-g17a74c925c[0m
[0;32mI (217) efuse_init: Min chip rev:     v0.0[0m
[0;32mI (221) efuse_init: Max chip rev:     v0.99 [0m
[0;32mI (225) efuse_init: Chip rev:         v0.2[0m
[0;32mI (229) heap_init: Initializing. RAM available for dynamic allocation:[0m
[0;32mI (235) heap_init: At 3FC9A0F0 len 0004F620 (317 KiB): RAM[0m
[0;32mI (240) heap_init: At 3FCE9710 len 00005724 (21 KiB): RAM[0m
[0;32mI (245) heap_init: At 3FCF0000 len 00008000 (32 KiB): DRAM[0m
[0;32mI (250) heap_init: At 600FE000 len 00001FE8 (7 KiB): RTCRAM[0m
[0;32mI (257) spi_flash: detected chip: boya[0m
[0;32mI (259) spi_flash: flash io: dio[0m
[0;33mW (262) spi_flash: Detected size(16384k) larger than the size in the binary image header(2048k). Using the size in the binary image header.[0m
[0;32mI (275) sleep_gpio: Configure to isolate all GPIO pins in sleep state[0m
[0;32mI (281) sleep_gpio: Enable automatic switching of GPIO sleep configuration[0m
[0;32mI (288) main_task: Started on CPU0[0m
[0;32mI (298) main_task: Calling app_main()[0m

assert failed: remove_free_block tlsf_control_functions.h:372 (prev && "prev_free field can not be null")


Backtrace: 0x4037b5f5:0x3fc9be80 0x4037b5bd:0x3fc9bea0 0x4037a779:0x3fc9bec0 0x4037e2ca:0x3fc9bfe0 0x4037d766:0x3fc9c000 0x4037d7b6:0x3fc9c020 0x40375ea5:0x3fc9c040 0x40375f65:0x3fc9c060 0x40375df8:0x3fc9c090 0x42011125:0x3fc9c0b0 0x4200f8d6:0x3fc9c0d0 0x4200f936:0x3fc9c100 0x4200f9af:0x3fc9c140 0x4200fae9:0x3fc9c170 0x4200fd65:0x3fc9c1e0 0x42010712:0x3fc9c290 0x4201107f:0x3fc9c320 0x4200e03f:0x3fc9c350 0x4200e161:0x3fc9c400 0x4200e1a5:0x3fc9c420 0x4200e330:0x3fc9c4d0 0x420077e3:0x3fc9c910 0x420219b2:0x3fc9c940




ELF file SHA256: df91def86

Rebooting...
ESP-ROM:esp32s3-20210327
Build:Mar 27 2021
rst:0xc (RTC_SW_CPU_RST),boot:0x28 (SPI_FAST_FLASH_BOOT)
Saved PC:0x4037b745
SPIWP:0xee
mode:DIO, clock div:1
load:0x3fce2820,len:0x14f0
load:0x403c8700,len:0xda0
load:0x403cb700,len:0x2f58
entry 0x403c8908
[0;32mI (24) boot: ESP-IDF v6.1-dev-2300-g17a74c925c 2nd stage bootloader[0m
[0;32mI (24) boot: compile time Feb  1 2026 03:31:34[0m
[0;32mI (24) boot: Multicore bootloader[0m
[0;32mI (26) boot: chip revision: v0.2[0m
[0;32mI (29) boot: efuse block revision: v1.3[0m
[0;32mI (32) boot.esp32s3: Boot SPI Speed : 80MHz[0m
[0;32mI (36) boot.esp32s3: SPI Mode       : DIO[0m
[0;32mI (40) boot.esp32s3: SPI Flash Size : 2MB[0m
[0;32mI (44) boot: Enabling RNG early entropy source...[0m
[0;32mI (48) boot: Partition Table:[0m
[0;32mI (51) boot: ## Label            Usage          Type ST Offset   Length[0m
[0;32mI (57) boot:  0 nvs              WiFi data        01 02 00009000 00006000[0m
[0;32mI (64) boot:  1 phy_init         RF data          01 01 0000f000 00001000[0m
[0;32mI (70) boot:  2 factory          factory app      00 00 00010000 00100000[0m
[0;32mI (77) boot: End of partition table[0m
[0;32mI (80) esp_image: segment 0: paddr=00010020 vaddr=3c030020 size=26ea4h (159396) map[0m
[0;32mI (116) esp_image: segment 1: paddr=00036ecc vaddr=3fc91b00 size=03550h ( 13648) load[0m
[0;32mI (119) esp_image: segment 2: paddr=0003a424 vaddr=40374000 size=05bf4h ( 23540) load[0m
[0;32mI (125) esp_image: segment 3: paddr=00040020 vaddr=42000020 size=23c08h (146440) map[0m
[0;32mI (154) esp_image: segment 4: paddr=00063c30 vaddr=40379bf4 size=07e48h ( 32328) load[0m
[0;32mI (161) esp_image: segment 5: paddr=0006ba80 vaddr=50000000 size=00024h (    36) load[0m
[0;32mI (168) boot: Loaded app from partition at offset 0x10000[0m
[0;32mI (168) boot: Disabling RNG early entropy source...[0m
[0;32mI (179) cpu_start: Multicore app[0m
[0;32mI (187) cpu_start: GPIO 44 and 43 are used as console UART I/O pins[0m
[0;32mI (188) cpu_start: Pro cpu start user code[0m
[0;32mI (188) cpu_start: cpu freq: 160000000 Hz[0m
[0;32mI (190) app_init: Application information:[0m
[0;32mI (194) app_init: Project name:     edgemodel[0m
[0;32mI (198) app_init: App version:      bf77af7-dirty[0m
[0;32mI (202) app_init: Compile time:     Feb  1 2026 03:28:33[0m
[0;32mI (207) app_init: ELF file SHA256:  df91def86...[0m
[0;32mI (211) app_init: ESP-IDF:          v6.1-dev-2300-g17a74c925c[0m
[0;32mI (217) efuse_init: Min chip rev:     v0.0[0m
[0;32mI (221) efuse_init: Max chip rev:     v0.99 [0m
[0;32mI (225) efuse_init: Chip rev:         v0.2[0m
[0;32mI (229) heap_init: Initializing. RAM available for dynamic allocation:[0m
[0;32mI (235) heap_init: At 3FC9A0F0 len 0004F620 (317 KiB): RAM[0m
[0;32mI (240) heap_init: At 3FCE9710 len 00005724 (21 KiB): RAM[0m
[0;32mI (245) heap_init: At 3FCF0000 len 00008000 (32 KiB): DRAM[0m
[0;32mI (250) heap_init: At 600FE000 len 00001FE8 (7 KiB): RTCRAM[0m
[0;32mI (257) spi_flash: detected chip: boya[0m
[0;32mI (259) spi_flash: flash io: dio[0m
[0;33mW (262) spi_flash: Detected size(16384k) larger than the size in the binary image header(2048k). Using the size in the binary image header.[0m
[0;32mI (275) sleep_gpio: Configure to isolate all GPIO pins in sleep state[0m
[0;32mI (281) sleep_gpio: Enable automatic switching of GPIO sleep configuration[0m
[0;32mI (288) main_task: Started on CPU0[0m
[0;32mI (298) main_task: Calling app_main()[0m

assert failed: remove_free_block tlsf_control_functions.h:372 (prev && "prev_free field can not be null")


Backtrace: 0x4037b5f5:0x3fc9be80 0x4037b5bd:0x3fc9bea0 0x4037a779:0x3fc9bec0 0x4037e2ca:0x3fc9bfe0 0x4037d766:0x3fc9c000 0x4037d7b6:0x3fc9c020 0x40375ea5:0x3fc9c040 0x40375f65:0x3fc9c060 0x40375df8:0x3fc9c090 0x42011125:0x3fc9c0b0 0x4200f8d6:0x3fc9c0d0 0x4200f936:0x3fc9c100 0x4200f9af:0x3fc9c140 0x4200fae9:0x3fc9c170 0x4200fd65:0x3fc9c1e0 0x42010712:0x3fc9c290 0x4201107f:0x3fc9c320 0x4200e03f:0x3fc9c350 0x4200e161:0x3fc9c400 0x4200e1a5:0x3fc9c420 0x4200e330:0x3fc9c4d0 0x420077e3:0x3fc9c910 0x420219b2:0x3fc9c940




ELF file SHA256: df91def86

Rebooting...
ESP-ROM:esp32s3-20210327
Build:Mar 27 2021
rst:0xc (RTC_SW_CPU_RST),boot:0x28 (SPI_FAST_FLASH_BOOT)
Saved PC:0x4037b745
SPIWP:0xee
mode:DIO, clock div:1
load:0x3fce2820,len:0x14f0
load:0x403c8700,len:0xda0
load:0x403cb700,len:0x2f58
entry 0x403c8908
[0;32mI (24) boot: ESP-IDF v6.1-dev-2300-g17a74c925c 2nd stage bootloader[0m
[0;32mI (24) boot: compile time Feb  1 2026 03:31:34[0m
[0;32mI (24) boot: Multicore bootloader[0m
[0;32mI (26) boot: chip revision: v0.2[0m
[0;32mI (29) boot: efuse block revision: v1.3[0m
[0;32mI (32) boot.esp32s3: Boot SPI Speed : 80MHz[0m
[0;32mI (36) boot.esp32s3: SPI Mode       : DIO[0m
[0;32mI (40) boot.esp32s3: SPI Flash Size : 2MB[0m
[0;32mI (44) boot: Enabling RNG early entropy source...[0m
[0;32mI (48) boot: Partition Table:[0m
[0;32mI (51) boot: ## Label            Usage          Type ST Offset   Length[0m
[0;32mI (57) boot:  0 nvs              WiFi data        01 02 00009000 00006000[0m
[0;32mI (64) boot:  1 phy_init         RF data          01 01 0000f000 00001000[0m
[0;32mI (70) boot:  2 factory          factory app      00 00 00010000 00100000[0m
[0;32mI (77) boot: End of partition table[0m
[0;32mI (80) esp_image: segment 0: paddr=00010020 vaddr=3c030020 size=26ea4h (159396) map[0m
[0;32mI (116) esp_image: segment 1: paddr=00036ecc vaddr=3fc91b00 size=03550h ( 13648) load[0m
[0;32mI (119) esp_image: segment 2: paddr=0003a424 vaddr=40374000 size=05bf4h ( 23540) load[0m
[0;32mI (125) esp_image: segment 3: paddr=00040020 vaddr=42000020 size=23c08h (146440) map[0m
[0;32mI (154) esp_image: segment 4: paddr=00063c30 vaddr=40379bf4 size=07e48h ( 32328) load[0m
[0;32mI (161) esp_image: segment 5: paddr=0006ba80 vaddr=50000000 size=00024h (    36) load[0m
[0;32mI (168) boot: Loaded app from partition at offset 0x10000[0m
[0;32mI (168) boot: Disabling RNG early entropy source...[0m
[0;32mI (179) cpu_start: Multicore app[0m
[0;32mI (187) cpu_start: GPIO 44 and 43 are used as console UART I/O pins[0m
[0;32mI (188) cpu_start: Pro cpu start user code[0m
[0;32mI (188) cpu_start: cpu freq: 160000000 Hz[0m
[0;32mI (190) app_init: Application information:[0m
[0;32mI (194) app_init: Project name:     edgemodel[0m
[0;32mI (198) app_init: App version:      bf77af7-dirty[0m
[0;32mI (202) app_init: Compile time:     Feb  1 2026 03:28:33[0m
[0;32mI (207) app_init: ELF file SHA256:  df91def86...[0m
[0;32mI (211) app_init: ESP-IDF:          v6.1-dev-2300-g17a74c925c[0m
[0;32mI (217) efuse_init: Min chip rev:     v0.0[0m
[0;32mI (221) efuse_init: Max chip rev:     v0.99 [0m
[0;32mI (225) efuse_init: Chip rev:         v0.2[0m
[0;32mI (229) heap_init: Initializing. RAM available for dynamic allocation:[0m
[0;32mI (235) heap_init: At 3FC9A0F0 len 0004F620 (317 KiB): RAM[0m
[0;32mI (240) heap_init: At 3FCE9710 len 00005724 (21 KiB): RAM[0m
[0;32mI (245) heap_init: At 3FCF0000 len 00008000 (32 KiB): DRAM[0m
[0;32mI (250) heap_init: At 600FE000 len 00001FE8 (7 KiB): RTCRAM[0m
[0;32mI (257) spi_flash: detected chip: boya[0m
[0;32mI (259) spi_flash: flash io: dio[0m
[0;33mW (262) spi_flash: Detected size(16384k) larger than the size in the binary image header(2048k). Using the size in the binary image header.[0m
[0;32mI (275) sleep_gpio: Configure to isolate all GPIO pins in sleep state[0m
[0;32mI (281) sleep_gpio: Enable automatic switching of GPIO sleep configuration[0m
[0;32mI (288) main_task: Started on CPU0[0m
[0;32mI (298) main_task: Calling app_main()[0m

assert failed: remove_free_block tlsf_control_functions.h:372 (prev && "prev_free field can not be null")


Backtrace: 0x4037b5f5:0x3fc9be80 0x4037b5bd:0x3fc9bea0 0x4037a779:0x3fc9bec0 0x4037e2ca:0x3fc9bfe0 0x4037d766:0x3fc9c000 0x4037d7b6:0x3fc9c020 0x40375ea5:0x3fc9c040 0x40375f65:0x3fc9c060 0x40375df8:0x3fc9c090 0x42011125:0x3fc9c0b0 0x4200f8d6:0x3fc9c0d0 0x4200f936:0x3fc9c100 0x4200f9af:0x3fc9c140 0x4200fae9:0x3fc9c170 0x4200fd65:0x3fc9c1e0 0x42010712:0x3fc9c290 0x4201107f:0x3fc9c320 0x4200e03f:0x3fc9c350 0x4200e161:0x3fc9c400 0x4200e1a5:0x3fc9c420 0x4200e330:0x3fc9c4d0 0x420077e3:0x3fc9c910 0x420219b2:0x3fc9c940




ELF file SHA256: df91def86

Rebooting...
ESP-ROM:esp32s3-20210327
Build:Mar 27 2021
rst:0xc (RTC_SW_CPU_RST),boot:0x28 (SPI_FAST_FLASH_BOOT)
Saved PC:0x4037b745
SPIWP:0xee
mode:DIO, clock div:1
load:0x3fce2820,len:0x14f0
load:0x403c8700,len:0xda0
load:0x403cb700,len:0x2f58
entry 0x403c8908
[0;32mI (24) boot: ESP-IDF v6.1-dev-2300-g17a74c925c 2nd stage bootloader[0m
[0;32mI (24) boot: compile time Feb  1 2026 03:31:34[0m
[0;32mI (24) boot: Multicore bootloader[0m
[0;32mI (26) boot: chip revision: v0.2[0m
[0;32mI (29) boot: efuse block revision: v1.3[0m
[0;32mI (32) boot.esp32s3: Boot SPI Speed : 80MHz[0m
[0;32mI (36) boot.esp32s3: SPI Mode       : DIO[0m
[0;32mI (40) boot.esp32s3: SPI Flash Size : 2MB[0m
[0;32mI (44) boot: Enabling RNG early entropy source...[0m
[0;32mI (48) boot: Partition Table:[0m
[0;32mI (51) boot: ## Label            Usage          Type ST Offset   Length[0m
[0;32mI (57) boot:  0 nvs              WiFi data        01 02 00009000 00006000[0m
[0;32mI (64) boot:  1 phy_init         RF data          01 01 0000f000 00001000[0m
[0;32mI (70) boot:  2 factory          factory app      00 00 00010000 00100000[0m
[0;32mI (77) boot: End of partition table[0m
[0;32mI (80) esp_image: segment 0: paddr=00010020 vaddr=3c030020 size=26ea4h (159396) map[0m
[0;32mI (116) esp_image: segment 1: paddr=00036ecc vaddr=3fc91b00 size=03550h ( 13648) load[0m
[0;32mI (119) esp_image: segment 2: paddr=0003a424 vaddr=40374000 size=05bf4h ( 23540) load[0m
[0;32mI (125) esp_image: segment 3: paddr=00040020 vaddr=42000020 size=23c08h (146440) map[0m
[0;32mI (154) esp_image: segment 4: paddr=00063c30 vaddr=40379bf4 size=07e48h ( 32328) load[0m
[0;32mI (161) esp_image: segment 5: paddr=0006ba80 vaddr=50000000 size=00024h (    36) load[0m
[0;32mI (168) boot: Loaded app from partition at offset 0x10000[0m
[0;32mI (168) boot: Disabling RNG early entropy source...[0m
[0;32mI (179) cpu_start: Multicore app[0m
[0;32mI (187) cpu_start: GPIO 44 and 43 are used as console UART I/O pins[0m
[0;32mI (188) cpu_start: Pro cpu start user code[0m
[0;32mI (188) cpu_start: cpu freq: 160000000 Hz[0m
[0;32mI (190) app_init: Application information:[0m
[0;32mI (194) app_init: Project name:     edgemodel[0m
[0;32mI (198) app_init: App version:      bf77af7-dirty[0m
[0;32mI (202) app_init: Compile time:     Feb  1 2026 03:28:33[0m
[0;32mI (207) app_init: ELF file SHA256:  df91def86...[0m
[0;32mI (211) app_init: ESP-IDF:          v6.1-dev-2300-g17a74c925c[0m
[0;32mI (217) efuse_init: Min chip rev:     v0.0[0m
[0;32mI (221) efuse_init: Max chip rev:     v0.99 [0m
[0;32mI (225) efuse_init: Chip rev:         v0.2[0m
[0;32mI (229) heap_init: Initializing. RAM available for dynamic allocation:[0m
[0;32mI (235) heap_init: At 3FC9A0F0 len 0004F620 (317 KiB): RAM[0m
[0;32mI (240) heap_init: At 3FCE9710 len 00005724 (21 KiB): RAM[0m
[0;32mI (245) heap_init: At 3FCF0000 len 00008000 (32 KiB): DRAM[0m
[0;32mI (250) heap_init: At 600FE000 len 00001FE8 (7 KiB): RTCRAM[0m
[0;32mI (257) spi_flash: detected chip: boya[0m
[0;32mI (259) spi_flash: flash io: dio[0m
[0;33mW (262) spi_flash: Detected size(16384k) larger than the size in the binary image header(2048k). Using the size in the binary image header.[0m
[0;32mI (275) sleep_gpio: Configure to isolate all GPIO pins in sleep state[0m
[0;32mI (281) sleep_gpio: Enable automatic switching of GPIO sleep configuration[0m
[0;32mI (288) main_task: Started on CPU0[0m
[0;32mI (298) main_task: Calling app_main()[0m

assert failed: remove_free_block tlsf_control_functions.h:372 (prev && "prev_free field can not be null")


Backtrace: 0x4037b5f5:0x3fc9be80 0x4037b5bd:0x3fc9bea0 0x4037a779:0x3fc9bec0 0x4037e2ca:0x3fc9bfe0 0x4037d766:0x3fc9c000 0x4037d7b6:0x3fc9c020 0x40375ea5:0x3fc9c040 0x40375f65:0x3fc9c060 0x40375df8:0x3fc9c090 0x42011125:0x3fc9c0b0 0x4200f8d6:0x3fc9c0d0 0x4200f936:0x3fc9c100 0x4200f9af:0x3fc9c140 0x4200fae9:0x3fc9c170 0x4200fd65:0x3fc9c1e0 0x42010712:0x3fc9c290 0x4201107f:0x3fc9c320 0x4200e03f:0x3fc9c350 0x4200e161:0x3fc9c400 0x4200e1a5:0x3fc9c420 0x4200e330:0x3fc9c4d0 0x420077e3:0x3fc9c910 0x420219b2:0x3fc9c940




ELF file SHA256: df91def86

Rebooting...
ESP-ROM:esp32s3-20210327
Build:Mar 27 2021
rst:0xc (RTC_SW_CPU_RST),boot:0x28 (SPI_FAST_FLASH_BOOT)
Saved PC:0x4037b745
SPIWP:0xee
mode:DIO, clock div:1
load:0x3fce2820,len:0x14f0
load:0x403c8700,len:0xda0
load:0x403cb700,len:0x2f58
entry 0x403c8908
[0;32mI (24) boot: ESP-IDF v6.1-dev-2300-g17a74c925c 2nd stage bootloader[0m
[0;32mI (24) boot: compile time Feb  1 2026 03:31:34[0m
[0;32mI (24) boot: Multicore bootloader[0m
[0;32mI (26) boot: chip revision: v0.2[0m
[0;32mI (29) boot: efuse block revision: v1.3[0m
[0;32mI (32) boot.esp32s3: Boot SPI Speed : 80MHz[0m
[0;32mI (36) boot.esp32s3: SPI Mode       : DIO[0m
[0;32mI (40) boot.esp32s3: SPI Flash Size : 2MB[0m
[0;32mI (44) boot: Enabling RNG early entropy source...[0m
[0;32mI (48) boot: Partition Table:[0m
[0;32mI (51) boot: ## Label            Usage          Type ST Offset   Length[0m
[0;32mI (57) boot:  0 nvs              WiFi data        01 02 00009000 00006000[0m
[0;32mI (64) boot:  1 phy_init         RF data          01 01 0000f000 00001000[0m
[0;32mI (70) boot:  2 factory          factory app      00 00 00010000 00100000[0m
[0;32mI (77) boot: End of partition table[0m
[0;32mI (80) esp_image: segment 0: paddr=00010020 vaddr=3c030020 size=26ea4h (159396) map[0m
[0;32mI (116) esp_image: segment 1: paddr=00036ecc vaddr=3fc91b00 size=03550h ( 13648) load[0m
[0;32mI (119) esp_image: segment 2: paddr=0003a424 vaddr=40374000 size=05bf4h ( 23540) load[0m
[0;32mI (125) esp_image: segment 3: paddr=00040020 vaddr=42000020 size=23c08h (146440) map[0m
[0;32mI (154) esp_image: segment 4: paddr=00063c30 vaddr=40379bf4 size=07e48h ( 32328) load[0m
[0;32mI (161) esp_image: segment 5: paddr=0006ba80 vaddr=50000000 size=00024h (    36) load[0m
[0;32mI (168) boot: Loaded app from partition at offset 0x10000[0m
[0;32mI (168) boot: Disabling RNG early entropy source...[0m
[0;32mI (179) cpu_start: Multicore app[0m
[0;32mI (187) cpu_start: GPIO 44 and 43 are used as console UART I/O pins[0m
[0;32mI (188) cpu_start: Pro cpu start user code[0m
[0;32mI (188) cpu_start: cpu freq: 160000000 Hz[0m
[0;32mI (190) app_init: Application information:[0m
[0;32mI (194) app_init: Project name:     edgemodel[0m
[0;32mI (198) app_init: App version:      bf77af7-dirty[0m
[0;32mI (202) app_init: Compile time:     Feb  1 2026 03:28:33[0m
[0;32mI (207) app_init: ELF file SHA256:  df91def86...[0m
[0;32mI (211) app_init: ESP-IDF:          v6.1-dev-2300-g17a74c925c[0m
[0;32mI (217) efuse_init: Min chip rev:     v0.0[0m
[0;32mI (221) efuse_init: Max chip rev:     v0.99 [0m
[0;32mI (225) efuse_init: Chip rev:         v0.2[0m
[0;32mI (229) heap_init: Initializing. RAM available for dynamic allocation:[0m
[0;32mI (235) heap_init: At 3FC9A0F0 len 0004F620 (317 KiB): RAM[0m
[0;32mI (240) heap_init: At 3FCE9710 len 00005724 (21 KiB): RAM[0m
[0;32mI (245) heap_init: At 3FCF0000 len 00008000 (32 KiB): DRAM[0m
[0;32mI (250) heap_init: At 600FE000 len 00001FE8 (7 KiB): RTCRAM[0m
[0;32mI (257) spi_flash: detected chip: boya[0m
[0;32mI (259) spi_flash: flash io: dio[0m
[0;33mW (262) spi_flash: Detected size(16384k) larger than the size in the binary image header(2048k). Using the size in the binary image header.[0m
[0;32mI (275) sleep_gpio: Configure to isolate all GPIO pins in sleep state[0m
[0;32mI (281) sleep_gpio: Enable automatic switching of GPIO sleep configuration[0m
[0;32mI (288) main_task: Started on CPU0[0m
[0;32mI (298) main_task: Calling app_main()[0m

assert failed: remove_free_block tlsf_control_functions.h:372 (prev && "prev_free field can not be null")


Backtrace: 0x4037b5f5:0x3fc9be80 0x4037b5bd:0x3fc9bea0 0x4037a779:0x3fc9bec0 0x4037e2ca:0x3fc9bfe0 0x4037d766:0x3fc9c000 0x4037d7b6:0x3fc9c020 0x40375ea5:0x3fc9c040 0x40375f65:0x3fc9c060 0x40375df8:0x3fc9c090 0x42011125:0x3fc9c0b0 0x4200f8d6:0x3fc9c0d0 0x4200f936:0x3fc9c100 0x4200f9af:0x3fc9c140 0x4200fae9:0x3fc9c170 0x4200fd65:0x3fc9c1e0 0x42010712:0x3fc9c290 0x4201107f:0x3fc9c320 0x4200e03f:0x3fc9c350 0x4200e161:0x3fc9c400 0x4200e1a5:0x3fc9c420 0x4200e330:0x3fc9c4d0 0x420077e3:0x3fc9c910 0x420219b2:0x3fc9c940




ELF file SHA256: df91def86

Rebooting...
ESP-ROM:esp32s3-20210327
Build:Mar 27 2021
rst:0xc (RTC_SW_CPU_RST),boot:0x28 (SPI_FAST_FLASH_BOOT)
Saved PC:0x4037b745
SPIWP:0xee
mode:DIO, clock div:1
load:0x3fce2820,len:0x14f0
load:0x403c8700,len:0xda0
load:0x403cb700,len:0x2f58
entry 0x403c8908
[0;32mI (24) boot: ESP-IDF v6.1-dev-2300-g17a74c925c 2nd stage bootloader[0m
[0;32mI (24) boot: compile time Feb  1 2026 03:31:34[0m
[0;32mI (24) boot: Multicore bootloader[0m
[0;32mI (26) boot: chip revision: v0.2[0m
[0;32mI (29) boot: efuse block revision: v1.3[0m
[0;32mI (32) boot.esp32s3: Boot SPI Speed : 80MHz[0m
[0;32mI (36) boot.esp32s3: SPI Mode       : DIO[0m
[0;32mI (40) boot.esp32s3: SPI Flash Size : 2MB[0m
[0;32mI (44) boot: Enabling RNG early entropy source...[0m
[0;32mI (48) boot: Partition Table:[0m
[0;32mI (51) boot: ## Label            Usage          Type ST Offset   Length[0m
[0;32mI (57) boot:  0 nvs              WiFi data        01 02 00009000 00006000[0m
[0;32mI (64) boot:  1 phy_init         RF data          01 01 0000f000 00001000[0m
[0;32mI (70) boot:  2 factory          factory app      00 00 00010000 00100000[0m
[0;32mI (77) boot: End of partition table[0m
[0;32mI (80) esp_image: segment 0: paddr=00010020 vaddr=3c030020 size=26ea4h (159396) map[0m
[0;32mI (116) esp_image: segment 1: paddr=00036ecc vaddr=3fc91b00 size=03550h ( 13648) load[0m
[0;32mI (119) esp_image: segment 2: paddr=0003a424 vaddr=40374000 size=05bf4h ( 23540) load[0m
[0;32mI (125) esp_image: segment 3: paddr=00040020 vaddr=42000020 size=23c08h (146440) map[0m
[0;32mI (154) esp_image: segment 4: paddr=00063c30 vaddr=40379bf4 size=07e48h ( 32328) load[0m
[0;32mI (161) esp_image: segment 5: paddr=0006ba80 vaddr=50000000 size=00024h (    36) load[0m
[0;32mI (168) boot: Loaded app from partition at offset 0x10000[0m
[0;32mI (168) boot: Disabling RNG early entropy source...[0m
[0;32mI (179) cpu_start: Multicore app[0m
[0;32mI (187) cpu_start: GPIO 44 and 43 are used as console UART I/O pins[0m
[0;32mI (188) cpu_start: Pro cpu start user code[0m
[0;32mI (188) cpu_start: cpu freq: 160000000 Hz[0m
[0;32mI (190) app_init: Application information:[0m
[0;32mI (194) app_init: Project name:     edgemodel[0m
[0;32mI (198) app_init: App version:      bf77af7-dirty[0m
[0;32mI (202) app_init: Compile time:     Feb  1 2026 03:28:33[0m
[0;32mI (207) app_init: ELF file SHA256:  df91def86...[0m
[0;32mI (211) app_init: ESP-IDF:          v6.1-dev-2300-g17a74c925c[0m
[0;32mI (217) efuse_init: Min chip rev:     v0.0[0m
[0;32mI (221) efuse_init: Max chip rev:     v0.99 [0m
[0;32mI (225) efuse_init: Chip rev:         v0.2[0m
[0;32mI (229) heap_init: Initializing. RAM available for dynamic allocation:[0m
[0;32mI (235) heap_init: At 3FC9A0F0 len 0004F620 (317 KiB): RAM[0m
[0;32mI (240) heap_init: At 3FCE9710 len 00005724 (21 KiB): RAM[0m
[0;32mI (245) heap_init: At 3FCF0000 len 00008000 (32 KiB): DRAM[0m
[0;32mI (250) heap_init: At 600FE000 len 00001FE8 (7 KiB): RTCRAM[0m
[0;32mI (257) spi_flash: detected chip: boya[0m
[0;32mI (259) spi_flash: flash io: dio[0m
[0;33mW (262) spi_flash: Detected size(16384k) larger than the size in the binary image header(2048k). Using the size in the binary image header.[0m
[0;32mI (275) sleep_gpio: Configure to isolate all GPIO pins in sleep state[0m
[0;32mI (281) sleep_gpio: Enable automatic switching of GPIO sleep configuration[0m
[0;32mI (288) main_task: Started on CPU0[0m
[0;32mI (298) main_task: Calling app_main()[0m

assert failed: remove_free_block tlsf_control_functions.h:372 (prev && "prev_free field can not be null")


Backtrace: 0x4037b5f5:0x3fc9be80 0x4037b5bd:0x3fc9bea0 0x4037a779:0x3fc9bec0 0x4037e2ca:0x3fc9bfe0 0x4037d766:0x3fc9c000 0x4037d7b6:0x3fc9c020 0x40375ea5:0x3fc9c040 0x40375f65:0x3fc9c060 0x40375df8:0x3fc9c090 0x42011125:0x3fc9c0b0 0x4200f8d6:0x3fc9c0d0 0x4200f936:0x3fc9c100 0x4200f9af:0x3fc9c140 0x4200fae9:0x3fc9c170 0x4200fd65:0x3fc9c1e0 0x42010712:0x3fc9c290 0x4201107f:0x3fc9c320 0x4200e03f:0x3fc9c350 0x4200e161:0x3fc9c400 0x4200e1a5:0x3fc9c420 0x4200e330:0x3fc9c4d0 0x420077e3:0x3fc9c910 0x420219b2:0x3fc9c940




ELF file SHA256: df91def86

Rebooting...
ESP-ROM:esp32s3-20210327
Build:Mar 27 2021
rst:0xc (RTC_SW_CPU_RST),boot:0x28 (SPI_FAST_FLASH_BOOT)
Saved PC:0x4037b745
SPIWP:0xee
mode:DIO, clock div:1
load:0x3fce2820,len:0x14f0
load:0x403c8700,len:0xda0
load:0x403cb700,len:0x2f58
entry 0x403c8908
[0;32mI (24) boot: ESP-IDF v6.1-dev-2300-g17a74c925c 2nd stage bootloader[0m
[0;32mI (24) boot: compile time Feb  1 2026 03:31:34[0m
[0;32mI (24) boot: Multicore bootloader[0m
[0;32mI (26) boot: chip revision: v0.2[0m
[0;32mI (29) boot: efuse block revision: v1.3[0m
[0;32mI (32) boot.esp32s3: Boot SPI Speed : 80MHz[0m
[0;32mI (36) boot.esp32s3: SPI Mode       : DIO[0m
[0;32mI (40) boot.esp32s3: SPI Flash Size : 2MB[0m
[0;32mI (44) boot: Enabling RNG early entropy source...[0m
[0;32mI (48) boot: Partition Table:[0m
[0;32mI (51) boot: ## Label            Usage          Type ST Offset   Length[0m
[0;32mI (57) boot:  0 nvs              WiFi data        01 02 00009000 00006000[0m
[0;32mI (64) boot:  1 phy_init         RF data          01 01 0000f000 00001000[0m
[0;32mI (70) boot:  2 factory          factory app      00 00 00010000 00100000[0m
[0;32mI (77) boot: End of partition table[0m
[0;32mI (80) esp_image: segment 0: paddr=00010020 vaddr=3c030020 size=26ea4h (159396) map[0m
[0;32mI (116) esp_image: segment 1: paddr=00036ecc vaddr=3fc91b00 size=03550h ( 13648) load[0m
[0;32mI (119) esp_image: segment 2: paddr=0003a424 vaddr=40374000 size=05bf4h ( 23540) load[0m
[0;32mI (125) esp_image: segment 3: paddr=00040020 vaddr=42000020 size=23c08h (146440) map[0m
[0;32mI (154) esp_image: segment 4: paddr=00063c30 vaddr=40379bf4 size=07e48h ( 32328) load[0m
[0;32mI (161) esp_image: segment 5: paddr=0006ba80 vaddr=50000000 size=00024h (    36) load[0m
[0;32mI (168) boot: Loaded app from partition at offset 0x10000[0m
[0;32mI (168) boot: Disabling RNG early entropy source...[0m
[0;32mI (179) cpu_start: Multicore app[0m
[0;32mI (187) cpu_start: GPIO 44 and 43 are used as console UART I/O pins[0m
[0;32mI (188) cpu_start: Pro cpu start user code[0m
[0;32mI (188) cpu_start: cpu freq: 160000000 Hz[0m
[0;32mI (190) app_init: Application information:[0m
[0;32mI (194) app_init: Project name:     edgemodel[0m
[0;32mI (198) app_init: App version:      bf77af7-dirty[0m
[0;32mI (202) app_init: Compile time:     Feb  1 2026 03:28:33[0m
[0;32mI (207) app_init: ELF file SHA256:  df91def86...[0m
[0;32mI (211) app_init: ESP-IDF:          v6.1-dev-2300-g17a74c925c[0m
[0;32mI (217) efuse_init: Min chip rev:     v0.0[0m
[0;32mI (221) efuse_init: Max chip rev:     v0.99 [0m
[0;32mI (225) efuse_init: Chip rev:         v0.2[0m
[0;32mI (229) heap_init: Initializing. RAM available for dynamic allocation:[0m
[0;32mI (235) heap_init: At 3FC9A0F0 len 0004F620 (317 KiB): RAM[0m
[0;32mI (240) heap_init: At 3FCE9710 len 00005724 (21 KiB): RAM[0m
[0;32mI (245) heap_init: At 3FCF0000 len 00008000 (32 KiB): DRAM[0m
[0;32mI (250) heap_init: At 600FE000 len 00001FE8 (7 KiB): RTCRAM[0m
[0;32mI (257) spi_flash: detected chip: boya[0m
[0;32mI (259) spi_flash: flash io: dio[0m
[0;33mW (262) spi_flash: Detected size(16384k) larger than the size in the binary image header(2048k). Using the size in the binary image header.[0m
[0;32mI (275) sleep_gpio: Configure to isolate all GPIO pins in sleep state[0m
[0;32mI (281) sleep_gpio: Enable automatic switching of GPIO sleep configuration[0m
[0;32mI (288) main_task: Started on CPU0[0m
[0;32mI (298) main_task: Calling app_main()[0m

assert failed: remove_free_block tlsf_control_functions.h:372 (prev && "prev_free field can not be null")


Backtrace: 0x4037b5f5:0x3fc9be80 0x4037b5bd:0x3fc9bea0 0x4037a779:0x3fc9bec0 0x4037e2ca:0x3fc9bfe0 0x4037d766:0x3fc9c000 0x4037d7b6:0x3fc9c020 0x40375ea5:0x3fc9c040 0x40375f65:0x3fc9c060 0x40375df8:0x3fc9c090 0x42011125:0x3fc9c0b0 0x4200f8d6:0x3fc9c0d0 0x4200f936:0x3fc9c100 0x4200f9af:0x3fc9c140 0x4200fae9:0x3fc9c170 0x4200fd65:0x3fc9c1e0 0x42010712:0x3fc9c290 0x4201107f:0x3fc9c320 0x4200e03f:0x3fc9c350 0x4200e161:0x3fc9c400 0x4200e1a5:0x3fc9c420 0x4200e330:0x3fc9c4d0 0x420077e3:0x3fc9c910 0x420219b2:0x3fc9c940




ELF file SHA256: df91def86

Rebooting...
ESP-ROM:esp32s3-20210327
Build:Mar 27 2021
rst:0xc (RTC_SW_CPU_RST),boot:0x28 (SPI_FAST_FLASH_BOOT)
Saved PC:0x4037b745
SPIWP:0xee
mode:DIO, clock div:1
load:0x3fce2820,len:0x14f0
load:0x403c8700,len:0xda0
load:0x403cb700,len:0x2f58
entry 0x403c8908
[0;32mI (24) boot: ESP-IDF v6.1-dev-2300-g17a74c925c 2nd stage bootloader[0m
[0;32mI (24) boot: compile time Feb  1 2026 03:31:34[0m
[0;32mI (24) boot: Multicore bootloader[0m
[0;32mI (26) boot: chip revision: v0.2[0m
[0;32mI (29) boot: efuse block revision: v1.3[0m
[0;32mI (32) boot.esp32s3: Boot SPI Speed : 80MHz[0m
[0;32mI (36) boot.esp32s3: SPI Mode       : DIO[0m
[0;32mI (40) boot.esp32s3: SPI Flash Size : 2MB[0m
[0;32mI (44) boot: Enabling RNG early entropy source...[0m
[0;32mI (48) boot: Partition Table:[0m
[0;32mI (51) boot: ## Label            Usage          Type ST Offset   Length[0m
[0;32mI (57) boot:  0 nvs              WiFi data        01 02 00009000 00006000[0m
[0;32mI (64) boot:  1 phy_init         RF data          01 01 0000f000 00001000[0m
[0;32mI (70) boot:  2 factory          factory app      00 00 00010000 00100000[0m
[0;32mI (77) boot: End of partition table[0m
[0;32mI (80) esp_image: segment 0: paddr=00010020 vaddr=3c030020 size=26ea4h (159396) map[0m
[0;32mI (116) esp_image: segment 1: paddr=00036ecc vaddr=3fc91b00 size=03550h ( 13648) load[0m
[0;32mI (119) esp_image: segment 2: paddr=0003a424 vaddr=40374000 size=05bf4h ( 23540) load[0m
[0;32mI (125) esp_image: segment 3: paddr=00040020 vaddr=42000020 size=23c08h (146440) map[0m
[0;32mI (154) esp_image: segment 4: paddr=00063c30 vaddr=40379bf4 size=07e48h ( 32328) load[0m
[0;32mI (161) esp_image: segment 5: paddr=0006ba80 vaddr=50000000 size=00024h (    36) load[0m
[0;32mI (168) boot: Loaded app from partition at offset 0x10000[0m
[0;32mI (168) boot: Disabling RNG early entropy source...[0m
[0;32mI (179) cpu_start: Multicore app[0m
[0;32mI (187) cpu_start: GPIO 44 and 43 are used as console UART I/O pins[0m
[0;32mI (188) cpu_start: Pro cpu start user code[0m
[0;32mI (188) cpu_start: cpu freq: 160000000 Hz[0m
[0;32mI (190) app_init: Application information:[0m
[0;32mI (194) app_init: Project name:     edgemodel[0m
[0;32mI (198) app_init: App version:      bf77af7-dirty[0m
[0;32mI (202) app_init: Compile time:     Feb  1 2026 03:28:33[0m
[0;32mI (207) app_init: ELF file SHA256:  df91def86...[0m
[0;32mI (211) app_init: ESP-IDF:          v6.1-dev-2300-g17a74c925c[0m
[0;32mI (217) efuse_init: Min chip rev:     v0.0[0m
[0;32mI (221) efuse_init: Max chip rev:     v0.99 [0m
[0;32mI (225) efuse_init: Chip rev:         v0.2[0m
[0;32mI (229) heap_init: Initializing. RAM available for dynamic allocation:[0m
[0;32mI (235) heap_init: At 3FC9A0F0 len 0004F620 (317 KiB): RAM[0m
[0;32mI (240) heap_init: At 3FCE9710 len 00005724 (21 KiB): RAM[0m
[0;32mI (245) heap_init: At 3FCF0000 len 00008000 (32 KiB): DRAM[0m
[0;32mI (250) heap_init: At 600FE000 len 00001FE8 (7 KiB): RTCRAM[0m
[0;32mI (257) spi_flash: detected chip: boya[0m
[0;32mI (259) spi_flash: flash io: dio[0m
[0;33mW (262) spi_flash: Detected size(16384k) larger than the size in the binary image header(2048k). Using the size in the binary image header.[0m
[0;32mI (275) sleep_gpio: Configure to isolate all GPIO pins in sleep state[0m
[0;32mI (281) sleep_gpio: Enable automatic switching of GPIO sleep configuration[0m
[0;32mI (288) main_task: Started on CPU0[0m
[0;32mI (298) main_task: Calling app_main()[0m

assert failed: remove_free_block tlsf_control_functions.h:372 (prev && "prev_free field can not be null")


Backtrace: 0x4037b5f5:0x3fc9be80 0x4037b5bd:0x3fc9bea0 0x4037a779:0x3fc9bec0 0x4037e2ca:0x3fc9bfe0 0x4037d766:0x3fc9c000 0x4037d7b6:0x3fc9c020 0x40375ea5:0x3fc9c040 0x40375f65:0x3fc9c060 0x40375df8:0x3fc9c090 0x42011125:0x3fc9c0b0 0x4200f8d6:0x3fc9c0d0 0x4200f936:0x3fc9c100 0x4200f9af:0x3fc9c140 0x4200fae9:0x3fc9c170 0x4200fd65:0x3fc9c1e0 0x42010712:0x3fc9c290 0x4201107f:0x3fc9c320 0x4200e03f:0x3fc9c350 0x4200e161:0x3fc9c400 0x4200e1a5:0x3fc9c420 0x4200e330:0x3fc9c4d0 0x420077e3:0x3fc9c910 0x420219b2:0x3fc9c940




ELF file SHA256: df91def86

Rebooting...
ESP-ROM:esp32s3-20210327
Build:Mar 27 2021
rst:0xc (RTC_SW_CPU_RST),boot:0x28 (SPI_FAST_FLASH_BOOT)
Saved PC:0x4037b745
SPIWP:0xee
mode:DIO, clock div:1
load:0x3fce2820,len:0x14f0
load:0x403c8700,len:0xda0
load:0x403cb700,len:0x2f58
entry 0x403c8908
[0;32mI (24) boot: ESP-IDF v6.1-dev-2300-g17a74c925c 2nd stage bootloader[0m
[0;32mI (24) boot: compile time Feb  1 2026 03:31:34[0m
[0;32mI (24) boot: Multicore bootloader[0m
[0;32mI (26) boot: chip revision: v0.2[0m
[0;32mI (29) boot: efuse block revision: v1.3[0m
[0;32mI (32) boot.esp32s3: Boot SPI Speed : 80MHz[0m
[0;32mI (36) boot.esp32s3: SPI Mode       : DIO[0m
[0;32mI (40) boot.esp32s3: SPI Flash Size : 2MB[0m
[0;32mI (44) boot: Enabling RNG early entropy source...[0m
[0;32mI (48) boot: Partition Table:[0m
[0;32mI (51) boot: ## Label            Usage          Type ST Offset   Length[0m
[0;32mI (57) boot:  0 nvs              WiFi data        01 02 00009000 00006000[0m
[0;32mI (64) boot:  1 phy_init         RF data          01 01 0000f000 00001000[0m
[0;32mI (70) boot:  2 factory          factory app      00 00 00010000 00100000[0m
[0;32mI (77) boot: End of partition table[0m
[0;32mI (80) esp_image: segment 0: paddr=00010020 vaddr=3c030020 size=26ea4h (159396) map[0m
[0;32mI (116) esp_image: segment 1: paddr=00036ecc vaddr=3fc91b00 size=03550h ( 13648) load[0m
